DIST_INIT_ADDR=g1
0: TRITON_CACHE_DIR=/tmp/triton/600/node0/rank0
0: profile dir: /home/apacsc03/sgprofile/node0
1: TRITON_CACHE_DIR=/tmp/triton/600/node1/rank1
1: profile dir: /home/apacsc03/sgprofile/node1
0: All deep_gemm operations loaded successfully!
1: All deep_gemm operations loaded successfully!
0: [Gloo] Rank 0 is connected to 15 peer ranks. Expected number of connected peer ranks is : 15
0: [Gloo] Rank 1 is connected to 15 peer ranks. Expected number of connected peer ranks is : 15
0: [Gloo] Rank 2 is connected to 15 peer ranks. Expected number of connected peer ranks is : 15
0: [Gloo] Rank 3 is connected to 15 peer ranks. Expected number of connected peer ranks is : 15
0: [Gloo] Rank 4 is connected to 15 peer ranks. Expected number of connected peer ranks is : 15
0: [Gloo] Rank 5 is connected to 15 peer ranks. Expected number of connected peer ranks is : 15
0: [Gloo] Rank 6 is connected to 15 peer ranks. Expected number of connected peer ranks is : 15
0: [Gloo] Rank 7 is connected to 15 peer ranks. Expected number of connected peer ranks is : 15
1: [Gloo] Rank 13 is connected to 15 peer ranks. Expected number of connected peer ranks is : 15
1: [Gloo] Rank 9 is connected to 15 peer ranks. Expected number of connected peer ranks is : 15
1: [Gloo] Rank 8 is connected to 15 peer ranks. Expected number of connected peer ranks is : 15
1: [Gloo] Rank 10 is connected to 15 peer ranks. Expected number of connected peer ranks is : 15
1: [Gloo] Rank 11 is connected to 15 peer ranks. Expected number of connected peer ranks is : 15
1: [Gloo] Rank 14 is connected to 15 peer ranks. Expected number of connected peer ranks is : 15
1: [Gloo] Rank 12 is connected to 15 peer ranks. Expected number of connected peer ranks is : 15
1: [Gloo] Rank 15 is connected to 15 peer ranks. Expected number of connected peer ranks is : 15
0: [Gloo] Rank 0 is connected to 15 peer ranks. Expected number of connected peer ranks is : 15
0: [Gloo] Rank 1 is connected to 15 peer ranks. Expected number of connected peer ranks is : 15
0: [Gloo] Rank 2 is connected to 15 peer ranks. Expected number of connected peer ranks is : 15
0: [Gloo] Rank 3 is connected to 15 peer ranks. Expected number of connected peer ranks is : 15
0: [Gloo] Rank 4 is connected to 15 peer ranks. Expected number of connected peer ranks is : 15
1: [Gloo] Rank 11 is connected to 15 peer ranks. Expected number of connected peer ranks is : 15
1: [Gloo] Rank 10 is connected to 15 peer ranks. Expected number of connected peer ranks is : 15
1: [Gloo] Rank 9 is connected to 15 peer ranks. Expected number of connected peer ranks is : 15
0: [Gloo] Rank 5 is connected to 15 peer ranks. Expected number of connected peer ranks is : 15
1: [Gloo] Rank 13 is connected to 15 peer ranks. Expected number of connected peer ranks is : 15
0: [Gloo] Rank 6 is connected to 15 peer ranks. Expected number of connected peer ranks is : 15
1: [Gloo] Rank 15 is connected to 15 peer ranks. Expected number of connected peer ranks is : 15
0: [Gloo] Rank 7 is connected to 15 peer ranks. Expected number of connected peer ranks is : 15
1: [Gloo] Rank 14 is connected to 15 peer ranks. Expected number of connected peer ranks is : 15
1: [Gloo] Rank 8 is connected to 15 peer ranks. Expected number of connected peer ranks is : 15
1: [Gloo] Rank 12 is connected to 15 peer ranks. Expected number of connected peer ranks is : 15
0: [Gloo] Rank 0 is connected to 0 peer ranks. Expected number of connected peer ranks is : 0
0: [Gloo] Rank 0 is connected to 0 peer ranks. Expected number of connected peer ranks is : 0
0: [Gloo] Rank 0 is connected to 0 peer ranks. Expected number of connected peer ranks is : 0
0: [Gloo] Rank 0 is connected to 0 peer ranks. Expected number of connected peer ranks is : 0
0: [Gloo] Rank 0 is connected to 0 peer ranks. Expected number of connected peer ranks is : 0
0: [Gloo] Rank 0 is connected to 0 peer ranks. Expected number of connected peer ranks is : 0
0: [Gloo] Rank 0 is connected to 0 peer ranks. Expected number of connected peer ranks is : 0
0: NCCL version 2.27.3+cuda12.9
0: [Gloo] Rank 0 is connected to 0 peer ranks. Expected number of connected peer ranks is : 0
1: [Gloo] Rank 0 is connected to 0 peer ranks. Expected number of connected peer ranks is : 0
1: [Gloo] Rank 0 is connected to 0 peer ranks. Expected number of connected peer ranks is : 0
1: [Gloo] Rank 0 is connected to 0 peer ranks. Expected number of connected peer ranks is : 0
1: [Gloo] Rank 0 is connected to 0 peer ranks. Expected number of connected peer ranks is : 0
1: [Gloo] Rank 0 is connected to 0 peer ranks. Expected number of connected peer ranks is : 0
1: [Gloo] Rank 0 is connected to 0 peer ranks. Expected number of connected peer ranks is : 0
1: [Gloo] Rank 0 is connected to 0 peer ranks. Expected number of connected peer ranks is : 0
1: [Gloo] Rank 0 is connected to 0 peer ranks. Expected number of connected peer ranks is : 0
0: [Gloo] Rank 0 is connected to 0 peer ranks. Expected number of connected peer ranks is : 0
0: [Gloo] Rank 0 is connected to 0 peer ranks. Expected number of connected peer ranks is : 0
0: [Gloo] Rank 0 is connected to 0 peer ranks. Expected number of connected peer ranks is : 0
0: [Gloo] Rank 0 is connected to 0 peer ranks. Expected number of connected peer ranks is : 0
0: [Gloo] Rank 0 is connected to 0 peer ranks. Expected number of connected peer ranks is : 0
0: [Gloo] Rank 0 is connected to 0 peer ranks. Expected number of connected peer ranks is : 0
0: [Gloo] Rank 0 is connected to 0 peer ranks. Expected number of connected peer ranks is : 0
0: [Gloo] Rank 0 is connected to 0 peer ranks. Expected number of connected peer ranks is : 0
1: [Gloo] Rank 0 is connected to 0 peer ranks. Expected number of connected peer ranks is : 0
1: [Gloo] Rank 0 is connected to 0 peer ranks. Expected number of connected peer ranks is : 0
1: [Gloo] Rank 0 is connected to 0 peer ranks. Expected number of connected peer ranks is : 0
1: [Gloo] Rank 0 is connected to 0 peer ranks. Expected number of connected peer ranks is : 0
1: [Gloo] Rank 0 is connected to 0 peer ranks. Expected number of connected peer ranks is : 0
1: [Gloo] Rank 0 is connected to 0 peer ranks. Expected number of connected peer ranks is : 0
1: [Gloo] Rank 0 is connected to 0 peer ranks. Expected number of connected peer ranks is : 0
1: [Gloo] Rank 0 is connected to 0 peer ranks. Expected number of connected peer ranks is : 0
0: [Gloo] Rank 0 is connected to 15 peer ranks. Expected number of connected peer ranks is : 15
0: [Gloo] Rank 1 is connected to 15 peer ranks. Expected number of connected peer ranks is : 15
0: [Gloo] Rank 2 is connected to 15 peer ranks. Expected number of connected peer ranks is : 15
0: [Gloo] Rank 3 is connected to 15 peer ranks. Expected number of connected peer ranks is : 15
0: [Gloo] Rank 4 is connected to 15 peer ranks. Expected number of connected peer ranks is : 15
0: [Gloo] Rank 5 is connected to 15 peer ranks. Expected number of connected peer ranks is : 15
1: [Gloo] Rank 13 is connected to 15 peer ranks. Expected number of connected peer ranks is : 15
0: [Gloo] Rank 6 is connected to 15 peer ranks. Expected number of connected peer ranks is : 15
0: [Gloo] Rank 7 is connected to 15 peer ranks. Expected number of connected peer ranks is : 15
1: [Gloo] Rank 9 is connected to 15 peer ranks. Expected number of connected peer ranks is : 15
1: [Gloo] Rank 8 is connected to 15 peer ranks. Expected number of connected peer ranks is : 15
1: [Gloo] Rank 10 is connected to 15 peer ranks. Expected number of connected peer ranks is : 15
1: [Gloo] Rank 11 is connected to 15 peer ranks. Expected number of connected peer ranks is : 15
1: [Gloo] Rank 14 is connected to 15 peer ranks. Expected number of connected peer ranks is : 15
1: [Gloo] Rank 12 is connected to 15 peer ranks. Expected number of connected peer ranks is : 15
1: [Gloo] Rank 15 is connected to 15 peer ranks. Expected number of connected peer ranks is : 15
0: All deep_gemm operations loaded successfully!
1: All deep_gemm operations loaded successfully!
0: All deep_gemm operations loaded successfully!
1: All deep_gemm operations loaded successfully!
0: All deep_gemm operations loaded successfully!
1: All deep_gemm operations loaded successfully!
1: All deep_gemm operations loaded successfully!
1: All deep_gemm operations loaded successfully!
0: All deep_gemm operations loaded successfully!
1: All deep_gemm operations loaded successfully!
0: All deep_gemm operations loaded successfully!
1: All deep_gemm operations loaded successfully!
1: All deep_gemm operations loaded successfully!
0: All deep_gemm operations loaded successfully!
0: All deep_gemm operations loaded successfully!
0: All deep_gemm operations loaded successfully!
0: #Input tokens: 626729
0: #Output tokens: 388685
0: #Input tokens: 4096
0: #Output tokens: 256
0: 
0: ====== Offline Throughput Benchmark Result =======
0: Backend:                                 engine    
0: Successful requests:                     2000      
0: Benchmark duration (s):                  89.54     
0: Total input tokens:                      626729    
0: Total generated tokens:                  388685    
0: Last generation throughput (tok/s):      73.37     
0: Request throughput (req/s):              22.34     
0: Input token throughput (tok/s):          6999.26   
0: Output token throughput (tok/s):         4340.80   
0: Total token throughput (tok/s):          11340.07  
0: ==================================================
0: [    0.000000] Linux version 5.14.0-503.14.1.el9_5.x86_64 (mockbuild@iad1-prod-build001.bld.equ.rockylinux.org) (gcc (GCC) 11.5.0 20240719 (Red Hat 11.5.0-2), GNU ld version 2.35.2-54.el9) #1 SMP PREEMPT_DYNAMIC Fri Nov 15 12:04:32 UTC 2024
0: [    0.000000] The list of certified hardware and cloud instances for Enterprise Linux 9 can be viewed at the Red Hat Ecosystem Catalog, https://catalog.redhat.com.
0: [    0.000000] Command line: BOOT_IMAGE=(hd0,gpt2)/boot/vmlinuz-5.14.0-503.14.1.el9_5.x86_64 root=UUID=ca76200a-8589-4f91-9593-14c14f0f489b ro console=ttyS0,115200
0: [    0.000000] x86/tme: not enabled by BIOS
0: [    0.000000] x86/split lock detection: #AC: crashing the kernel on kernel split_locks and warning on user-space split_locks
0: [    0.000000] BIOS-provided physical RAM map:
0: [    0.000000] BIOS-e820: [mem 0x0000000000000000-0x000000000009ffff] usable
0: [    0.000000] BIOS-e820: [mem 0x00000000000a0000-0x00000000000fffff] reserved
0: [    0.000000] BIOS-e820: [mem 0x0000000000100000-0x000000004de14fff] usable
0: [    0.000000] BIOS-e820: [mem 0x000000004de15000-0x0000000050614fff] ACPI NVS
0: [    0.000000] BIOS-e820: [mem 0x0000000050615000-0x00000000641fdfff] usable
0: [    0.000000] BIOS-e820: [mem 0x00000000641fe000-0x0000000074dfefff] reserved
0: [    0.000000] BIOS-e820: [mem 0x0000000074dff000-0x00000000771fefff] ACPI NVS
0: [    0.000000] BIOS-e820: [mem 0x00000000771ff000-0x00000000777fefff] ACPI data
0: [    0.000000] BIOS-e820: [mem 0x00000000777ff000-0x00000000777fffff] usable
0: [    0.000000] BIOS-e820: [mem 0x0000000077800000-0x000000008fffffff] reserved
0: [    0.000000] BIOS-e820: [mem 0x00000000fe010000-0x00000000fe010fff] reserved
0: [    0.000000] BIOS-e820: [mem 0x0000000100000000-0x000002007fffffff] usable
0: [    0.000000] NX (Execute Disable) protection: active
0: [    0.000000] APIC: Static calls initialized
0: [    0.000000] e820: update [mem 0x432fe020-0x4331125f] usable ==> usable
0: [    0.000000] e820: update [mem 0x432c7020-0x432fda5f] usable ==> usable
0: [    0.000000] e820: update [mem 0x43290020-0x432c6a5f] usable ==> usable
0: [    0.000000] e820: update [mem 0x43287020-0x4328f05f] usable ==> usable
0: [    0.000000] e820: update [mem 0x3fd64020-0x3fe22a5f] usable ==> usable
0: [    0.000000] e820: update [mem 0x3fca5020-0x3fd6365f] usable ==> usable
0: [    0.000000] e820: update [mem 0x3fbe6020-0x3fca465f] usable ==> usable
0: [    0.000000] e820: update [mem 0x3fb27020-0x3fbe5a5f] usable ==> usable
0: [    0.000000] e820: update [mem 0x3fa68020-0x3fb26a5f] usable ==> usable
0: [    0.000000] e820: update [mem 0x3f9a9020-0x3fa67a5f] usable ==> usable
0: [    0.000000] e820: update [mem 0x3f8ea020-0x3f9a8a5f] usable ==> usable
0: [    0.000000] e820: update [mem 0x3f82b020-0x3f8e9a5f] usable ==> usable
0: [    0.000000] e820: update [mem 0x3f76c020-0x3f82aa5f] usable ==> usable
0: [    0.000000] e820: update [mem 0x3f6ad020-0x3f76ba5f] usable ==> usable
0: [    0.000000] extended physical RAM map:
0: [    0.000000] reserve setup_data: [mem 0x0000000000000000-0x000000000009ffff] usable
0: [    0.000000] reserve setup_data: [mem 0x00000000000a0000-0x00000000000fffff] reserved
0: [    0.000000] reserve setup_data: [mem 0x0000000000100000-0x000000003f6ad01f] usable
0: [    0.000000] reserve setup_data: [mem 0x000000003f6ad020-0x000000003f76ba5f] usable
0: [    0.000000] reserve setup_data: [mem 0x000000003f76ba60-0x000000003f76c01f] usable
0: [    0.000000] reserve setup_data: [mem 0x000000003f76c020-0x000000003f82aa5f] usable
0: [    0.000000] reserve setup_data: [mem 0x000000003f82aa60-0x000000003f82b01f] usable
0: [    0.000000] reserve setup_data: [mem 0x000000003f82b020-0x000000003f8e9a5f] usable
0: [    0.000000] reserve setup_data: [mem 0x000000003f8e9a60-0x000000003f8ea01f] usable
0: [    0.000000] reserve setup_data: [mem 0x000000003f8ea020-0x000000003f9a8a5f] usable
0: [    0.000000] reserve setup_data: [mem 0x000000003f9a8a60-0x000000003f9a901f] usable
0: [    0.000000] reserve setup_data: [mem 0x000000003f9a9020-0x000000003fa67a5f] usable
0: [    0.000000] reserve setup_data: [mem 0x000000003fa67a60-0x000000003fa6801f] usable
0: [    0.000000] reserve setup_data: [mem 0x000000003fa68020-0x000000003fb26a5f] usable
0: [    0.000000] reserve setup_data: [mem 0x000000003fb26a60-0x000000003fb2701f] usable
0: [    0.000000] reserve setup_data: [mem 0x000000003fb27020-0x000000003fbe5a5f] usable
0: [    0.000000] reserve setup_data: [mem 0x000000003fbe5a60-0x000000003fbe601f] usable
0: [    0.000000] reserve setup_data: [mem 0x000000003fbe6020-0x000000003fca465f] usable
0: [    0.000000] reserve setup_data: [mem 0x000000003fca4660-0x000000003fca501f] usable
0: [    0.000000] reserve setup_data: [mem 0x000000003fca5020-0x000000003fd6365f] usable
0: [    0.000000] reserve setup_data: [mem 0x000000003fd63660-0x000000003fd6401f] usable
0: [    0.000000] reserve setup_data: [mem 0x000000003fd64020-0x000000003fe22a5f] usable
0: [    0.000000] reserve setup_data: [mem 0x000000003fe22a60-0x000000004328701f] usable
0: [    0.000000] reserve setup_data: [mem 0x0000000043287020-0x000000004328f05f] usable
0: [    0.000000] reserve setup_data: [mem 0x000000004328f060-0x000000004329001f] usable
0: [    0.000000] reserve setup_data: [mem 0x0000000043290020-0x00000000432c6a5f] usable
0: [    0.000000] reserve setup_data: [mem 0x00000000432c6a60-0x00000000432c701f] usable
0: [    0.000000] reserve setup_data: [mem 0x00000000432c7020-0x00000000432fda5f] usable
0: [    0.000000] reserve setup_data: [mem 0x00000000432fda60-0x00000000432fe01f] usable
0: [    0.000000] reserve setup_data: [mem 0x00000000432fe020-0x000000004331125f] usable
0: [    0.000000] reserve setup_data: [mem 0x0000000043311260-0x000000004de14fff] usable
0: [    0.000000] reserve setup_data: [mem 0x000000004de15000-0x0000000050614fff] ACPI NVS
0: [    0.000000] reserve setup_data: [mem 0x0000000050615000-0x00000000641fdfff] usable
0: [    0.000000] reserve setup_data: [mem 0x00000000641fe000-0x0000000074dfefff] reserved
0: [    0.000000] reserve setup_data: [mem 0x0000000074dff000-0x00000000771fefff] ACPI NVS
0: [    0.000000] reserve setup_data: [mem 0x00000000771ff000-0x00000000777fefff] ACPI data
0: [    0.000000] reserve setup_data: [mem 0x00000000777ff000-0x00000000777fffff] usable
0: [    0.000000] reserve setup_data: [mem 0x0000000077800000-0x000000008fffffff] reserved
0: [    0.000000] reserve setup_data: [mem 0x00000000fe010000-0x00000000fe010fff] reserved
0: [    0.000000] reserve setup_data: [mem 0x0000000100000000-0x000002007fffffff] usable
0: [    0.000000] efi: EFI v2.7 by Sustainable Metal Cloud
0: [    0.000000] efi: ACPI=0x777fe000 ACPI 2.0=0x777fe014 TPMFinalLog=0x76523000 MEMATTR=0x5ecbb020 SMBIOS=0x6fd1d000 SMBIOS 3.0=0x6fd1b000 MOKvar=0x645e0000 RNG=0x774ef020 TPMEventLog=0x44d7e020 
0: [    0.000000] efi: Remove mem109: MMIO range=[0x80000000-0x8fffffff] (256MB) from e820 map
0: [    0.000000] e820: remove [mem 0x80000000-0x8fffffff] reserved
0: [    0.000000] efi: Not removing mem110: MMIO range=[0xfe010000-0xfe010fff] (4KB) from e820 map
0: [    0.000000] secureboot: Secure boot disabled
0: [    0.000000] SMBIOS 3.3.0 present.
0: [    0.000000] DMI: Sustainable Metal Cloud XE9680-F/0KK0RG, BIOS 2.4.4 09/27/2024
0: [    0.000000] tsc: Detected 2800.000 MHz processor
0: [    0.000009] e820: update [mem 0x00000000-0x00000fff] usable ==> reserved
0: [    0.000010] e820: remove [mem 0x000a0000-0x000fffff] usable
0: [    0.000022] last_pfn = 0x20080000 max_arch_pfn = 0x10000000000
0: [    0.000027] total RAM covered: 4192256M
0: [    0.000112]  gran_size: 64K 	chunk_size: 64K 	num_reg: 10  	lose cover RAM: 2048G
0: [    0.000113]  gran_size: 64K 	chunk_size: 128K 	num_reg: 10  	lose cover RAM: 2048G
0: [    0.000114]  gran_size: 64K 	chunk_size: 256K 	num_reg: 10  	lose cover RAM: 2048G
0: [    0.000115]  gran_size: 64K 	chunk_size: 512K 	num_reg: 10  	lose cover RAM: 2048G
0: [    0.000116]  gran_size: 64K 	chunk_size: 1M 	num_reg: 10  	lose cover RAM: 2048G
0: [    0.000116]  gran_size: 64K 	chunk_size: 2M 	num_reg: 10  	lose cover RAM: 2048G
0: [    0.000117]  gran_size: 64K 	chunk_size: 4M 	num_reg: 10  	lose cover RAM: 2048G
0: [    0.000118]  gran_size: 64K 	chunk_size: 8M 	num_reg: 10  	lose cover RAM: 2048G
0: [    0.000119]  gran_size: 64K 	chunk_size: 16M 	num_reg: 10  	lose cover RAM: 2048G
0: [    0.000119]  gran_size: 64K 	chunk_size: 32M 	num_reg: 10  	lose cover RAM: 2048G
0: [    0.000120]  gran_size: 64K 	chunk_size: 64M 	num_reg: 10  	lose cover RAM: 2048G
0: [    0.000121]  gran_size: 64K 	chunk_size: 128M 	num_reg: 10  	lose cover RAM: 2048G
0: [    0.000122]  gran_size: 64K 	chunk_size: 256M 	num_reg: 10  	lose cover RAM: 2048G
0: [    0.000122]  gran_size: 64K 	chunk_size: 512M 	num_reg: 10  	lose cover RAM: 2048G
0: [    0.000123]  gran_size: 64K 	chunk_size: 1G 	num_reg: 10  	lose cover RAM: 2048G
0: [    0.000124]  gran_size: 64K 	chunk_size: 2G 	num_reg: 10  	lose cover RAM: 2048G
0: [    0.000125]  gran_size: 128K 	chunk_size: 128K 	num_reg: 10  	lose cover RAM: 2048G
0: [    0.000126]  gran_size: 128K 	chunk_size: 256K 	num_reg: 10  	lose cover RAM: 2048G
0: [    0.000126]  gran_size: 128K 	chunk_size: 512K 	num_reg: 10  	lose cover RAM: 2048G
0: [    0.000127]  gran_size: 128K 	chunk_size: 1M 	num_reg: 10  	lose cover RAM: 2048G
0: [    0.000128]  gran_size: 128K 	chunk_size: 2M 	num_reg: 10  	lose cover RAM: 2048G
0: [    0.000129]  gran_size: 128K 	chunk_size: 4M 	num_reg: 10  	lose cover RAM: 2048G
0: [    0.000129]  gran_size: 128K 	chunk_size: 8M 	num_reg: 10  	lose cover RAM: 2048G
0: [    0.000130]  gran_size: 128K 	chunk_size: 16M 	num_reg: 10  	lose cover RAM: 2048G
0: [    0.000131]  gran_size: 128K 	chunk_size: 32M 	num_reg: 10  	lose cover RAM: 2048G
0: [    0.000132]  gran_size: 128K 	chunk_size: 64M 	num_reg: 10  	lose cover RAM: 2048G
0: [    0.000132]  gran_size: 128K 	chunk_size: 128M 	num_reg: 10  	lose cover RAM: 2048G
0: [    0.000133]  gran_size: 128K 	chunk_size: 256M 	num_reg: 10  	lose cover RAM: 2048G
0: [    0.000134]  gran_size: 128K 	chunk_size: 512M 	num_reg: 10  	lose cover RAM: 2048G
0: [    0.000135]  gran_size: 128K 	chunk_size: 1G 	num_reg: 10  	lose cover RAM: 2048G
0: [    0.000135]  gran_size: 128K 	chunk_size: 2G 	num_reg: 10  	lose cover RAM: 2048G
0: [    0.000136]  gran_size: 256K 	chunk_size: 256K 	num_reg: 10  	lose cover RAM: 2048G
0: [    0.000137]  gran_size: 256K 	chunk_size: 512K 	num_reg: 10  	lose cover RAM: 2048G
0: [    0.000137]  gran_size: 256K 	chunk_size: 1M 	num_reg: 10  	lose cover RAM: 2048G
0: [    0.000138]  gran_size: 256K 	chunk_size: 2M 	num_reg: 10  	lose cover RAM: 2048G
0: [    0.000139]  gran_size: 256K 	chunk_size: 4M 	num_reg: 10  	lose cover RAM: 2048G
0: [    0.000140]  gran_size: 256K 	chunk_size: 8M 	num_reg: 10  	lose cover RAM: 2048G
0: [    0.000140]  gran_size: 256K 	chunk_size: 16M 	num_reg: 10  	lose cover RAM: 2048G
0: [    0.000141]  gran_size: 256K 	chunk_size: 32M 	num_reg: 10  	lose cover RAM: 2048G
0: [    0.000142]  gran_size: 256K 	chunk_size: 64M 	num_reg: 10  	lose cover RAM: 2048G
0: [    0.000143]  gran_size: 256K 	chunk_size: 128M 	num_reg: 10  	lose cover RAM: 2048G
0: [    0.000143]  gran_size: 256K 	chunk_size: 256M 	num_reg: 10  	lose cover RAM: 2048G
0: [    0.000144]  gran_size: 256K 	chunk_size: 512M 	num_reg: 10  	lose cover RAM: 2048G
0: [    0.000145]  gran_size: 256K 	chunk_size: 1G 	num_reg: 10  	lose cover RAM: 2048G
0: [    0.000146]  gran_size: 256K 	chunk_size: 2G 	num_reg: 10  	lose cover RAM: 2048G
0: [    0.000146]  gran_size: 512K 	chunk_size: 512K 	num_reg: 10  	lose cover RAM: 2048G
0: [    0.000147]  gran_size: 512K 	chunk_size: 1M 	num_reg: 10  	lose cover RAM: 2048G
0: [    0.000148]  gran_size: 512K 	chunk_size: 2M 	num_reg: 10  	lose cover RAM: 2048G
0: [    0.000149]  gran_size: 512K 	chunk_size: 4M 	num_reg: 10  	lose cover RAM: 2048G
0: [    0.000149]  gran_size: 512K 	chunk_size: 8M 	num_reg: 10  	lose cover RAM: 2048G
0: [    0.000150]  gran_size: 512K 	chunk_size: 16M 	num_reg: 10  	lose cover RAM: 2048G
0: [    0.000151]  gran_size: 512K 	chunk_size: 32M 	num_reg: 10  	lose cover RAM: 2048G
0: [    0.000152]  gran_size: 512K 	chunk_size: 64M 	num_reg: 10  	lose cover RAM: 2048G
0: [    0.000152]  gran_size: 512K 	chunk_size: 128M 	num_reg: 10  	lose cover RAM: 2048G
0: [    0.000153]  gran_size: 512K 	chunk_size: 256M 	num_reg: 10  	lose cover RAM: 2048G
0: [    0.000154]  gran_size: 512K 	chunk_size: 512M 	num_reg: 10  	lose cover RAM: 2048G
0: [    0.000154]  gran_size: 512K 	chunk_size: 1G 	num_reg: 10  	lose cover RAM: 2048G
0: [    0.000155]  gran_size: 512K 	chunk_size: 2G 	num_reg: 10  	lose cover RAM: 2048G
0: [    0.000156]  gran_size: 1M 	chunk_size: 1M 	num_reg: 10  	lose cover RAM: 2048G
0: [    0.000157]  gran_size: 1M 	chunk_size: 2M 	num_reg: 10  	lose cover RAM: 2048G
0: [    0.000158]  gran_size: 1M 	chunk_size: 4M 	num_reg: 10  	lose cover RAM: 2048G
0: [    0.000158]  gran_size: 1M 	chunk_size: 8M 	num_reg: 10  	lose cover RAM: 2048G
0: [    0.000159]  gran_size: 1M 	chunk_size: 16M 	num_reg: 10  	lose cover RAM: 2048G
0: [    0.000160]  gran_size: 1M 	chunk_size: 32M 	num_reg: 10  	lose cover RAM: 2048G
0: [    0.000160]  gran_size: 1M 	chunk_size: 64M 	num_reg: 10  	lose cover RAM: 2048G
0: [    0.000161]  gran_size: 1M 	chunk_size: 128M 	num_reg: 10  	lose cover RAM: 2048G
0: [    0.000162]  gran_size: 1M 	chunk_size: 256M 	num_reg: 10  	lose cover RAM: 2048G
0: [    0.000163]  gran_size: 1M 	chunk_size: 512M 	num_reg: 10  	lose cover RAM: 2048G
0: [    0.000163]  gran_size: 1M 	chunk_size: 1G 	num_reg: 10  	lose cover RAM: 2048G
0: [    0.000164]  gran_size: 1M 	chunk_size: 2G 	num_reg: 10  	lose cover RAM: 2048G
0: [    0.000165]  gran_size: 2M 	chunk_size: 2M 	num_reg: 10  	lose cover RAM: 2048G
0: [    0.000166]  gran_size: 2M 	chunk_size: 4M 	num_reg: 10  	lose cover RAM: 2048G
0: [    0.000166]  gran_size: 2M 	chunk_size: 8M 	num_reg: 10  	lose cover RAM: 2048G
0: [    0.000167]  gran_size: 2M 	chunk_size: 16M 	num_reg: 10  	lose cover RAM: 2048G
0: [    0.000168]  gran_size: 2M 	chunk_size: 32M 	num_reg: 10  	lose cover RAM: 2048G
0: [    0.000168]  gran_size: 2M 	chunk_size: 64M 	num_reg: 10  	lose cover RAM: 2048G
0: [    0.000169]  gran_size: 2M 	chunk_size: 128M 	num_reg: 10  	lose cover RAM: 2048G
0: [    0.000170]  gran_size: 2M 	chunk_size: 256M 	num_reg: 10  	lose cover RAM: 2048G
0: [    0.000171]  gran_size: 2M 	chunk_size: 512M 	num_reg: 10  	lose cover RAM: 2048G
0: [    0.000171]  gran_size: 2M 	chunk_size: 1G 	num_reg: 10  	lose cover RAM: 2048G
0: [    0.000172]  gran_size: 2M 	chunk_size: 2G 	num_reg: 10  	lose cover RAM: 2048G
0: [    0.000173]  gran_size: 4M 	chunk_size: 4M 	num_reg: 10  	lose cover RAM: 2048G
0: [    0.000174]  gran_size: 4M 	chunk_size: 8M 	num_reg: 10  	lose cover RAM: 2048G
0: [    0.000174]  gran_size: 4M 	chunk_size: 16M 	num_reg: 10  	lose cover RAM: 2048G
0: [    0.000175]  gran_size: 4M 	chunk_size: 32M 	num_reg: 10  	lose cover RAM: 2048G
0: [    0.000176]  gran_size: 4M 	chunk_size: 64M 	num_reg: 10  	lose cover RAM: 2048G
0: [    0.000176]  gran_size: 4M 	chunk_size: 128M 	num_reg: 10  	lose cover RAM: 2048G
0: [    0.000177]  gran_size: 4M 	chunk_size: 256M 	num_reg: 10  	lose cover RAM: 2048G
0: [    0.000178]  gran_size: 4M 	chunk_size: 512M 	num_reg: 10  	lose cover RAM: 2048G
0: [    0.000179]  gran_size: 4M 	chunk_size: 1G 	num_reg: 10  	lose cover RAM: 2048G
0: [    0.000179]  gran_size: 4M 	chunk_size: 2G 	num_reg: 10  	lose cover RAM: 2048G
0: [    0.000180]  gran_size: 8M 	chunk_size: 8M 	num_reg: 10  	lose cover RAM: 2048G
0: [    0.000181]  gran_size: 8M 	chunk_size: 16M 	num_reg: 10  	lose cover RAM: 2048G
0: [    0.000182]  gran_size: 8M 	chunk_size: 32M 	num_reg: 10  	lose cover RAM: 2048G
0: [    0.000183]  gran_size: 8M 	chunk_size: 64M 	num_reg: 10  	lose cover RAM: 2048G
0: [    0.000183]  gran_size: 8M 	chunk_size: 128M 	num_reg: 10  	lose cover RAM: 2048G
0: [    0.000184]  gran_size: 8M 	chunk_size: 256M 	num_reg: 10  	lose cover RAM: 2048G
0: [    0.000185]  gran_size: 8M 	chunk_size: 512M 	num_reg: 10  	lose cover RAM: 2048G
0: [    0.000186]  gran_size: 8M 	chunk_size: 1G 	num_reg: 10  	lose cover RAM: 2048G
0: [    0.000186]  gran_size: 8M 	chunk_size: 2G 	num_reg: 10  	lose cover RAM: 2048G
0: [    0.000187]  gran_size: 16M 	chunk_size: 16M 	num_reg: 10  	lose cover RAM: 2048G
0: [    0.000188]  gran_size: 16M 	chunk_size: 32M 	num_reg: 10  	lose cover RAM: 2048G
0: [    0.000189]  gran_size: 16M 	chunk_size: 64M 	num_reg: 10  	lose cover RAM: 2048G
0: [    0.000189]  gran_size: 16M 	chunk_size: 128M 	num_reg: 10  	lose cover RAM: 2048G
0: [    0.000190]  gran_size: 16M 	chunk_size: 256M 	num_reg: 10  	lose cover RAM: 2048G
0: [    0.000191]  gran_size: 16M 	chunk_size: 512M 	num_reg: 10  	lose cover RAM: 2048G
0: [    0.000192]  gran_size: 16M 	chunk_size: 1G 	num_reg: 10  	lose cover RAM: 2048G
0: [    0.000192]  gran_size: 16M 	chunk_size: 2G 	num_reg: 10  	lose cover RAM: 2048G
0: [    0.000193]  gran_size: 32M 	chunk_size: 32M 	num_reg: 10  	lose cover RAM: 2048G
0: [    0.000194]  gran_size: 32M 	chunk_size: 64M 	num_reg: 10  	lose cover RAM: 2048G
0: [    0.000195]  gran_size: 32M 	chunk_size: 128M 	num_reg: 10  	lose cover RAM: 2048G
0: [    0.000195]  gran_size: 32M 	chunk_size: 256M 	num_reg: 10  	lose cover RAM: 2048G
0: [    0.000196]  gran_size: 32M 	chunk_size: 512M 	num_reg: 10  	lose cover RAM: 2048G
0: [    0.000197]  gran_size: 32M 	chunk_size: 1G 	num_reg: 10  	lose cover RAM: 2048G
0: [    0.000198]  gran_size: 32M 	chunk_size: 2G 	num_reg: 10  	lose cover RAM: 2048G
0: [    0.000198]  gran_size: 64M 	chunk_size: 64M 	num_reg: 10  	lose cover RAM: 2048G
0: [    0.000199]  gran_size: 64M 	chunk_size: 128M 	num_reg: 10  	lose cover RAM: 2048G
0: [    0.000200]  gran_size: 64M 	chunk_size: 256M 	num_reg: 10  	lose cover RAM: 2048G
0: [    0.000201]  gran_size: 64M 	chunk_size: 512M 	num_reg: 10  	lose cover RAM: 2048G
0: [    0.000201]  gran_size: 64M 	chunk_size: 1G 	num_reg: 10  	lose cover RAM: 2048G
0: [    0.000202]  gran_size: 64M 	chunk_size: 2G 	num_reg: 10  	lose cover RAM: 2048G
0: [    0.000203]  gran_size: 128M 	chunk_size: 128M 	num_reg: 10  	lose cover RAM: 2048G
0: [    0.000204]  gran_size: 128M 	chunk_size: 256M 	num_reg: 10  	lose cover RAM: 2048G
0: [    0.000204]  gran_size: 128M 	chunk_size: 512M 	num_reg: 10  	lose cover RAM: 2048G
0: [    0.000205]  gran_size: 128M 	chunk_size: 1G 	num_reg: 10  	lose cover RAM: 2048G
0: [    0.000206]  gran_size: 128M 	chunk_size: 2G 	num_reg: 10  	lose cover RAM: 2048G
0: [    0.000207]  gran_size: 256M 	chunk_size: 256M 	num_reg: 10  	lose cover RAM: 2048G
0: [    0.000207]  gran_size: 256M 	chunk_size: 512M 	num_reg: 10  	lose cover RAM: 2048G
0: [    0.000208]  gran_size: 256M 	chunk_size: 1G 	num_reg: 10  	lose cover RAM: 2048G
0: [    0.000209]  gran_size: 256M 	chunk_size: 2G 	num_reg: 10  	lose cover RAM: 2048G
0: [    0.000210]  gran_size: 512M 	chunk_size: 512M 	num_reg: 10  	lose cover RAM: 2048G
0: [    0.000210]  gran_size: 512M 	chunk_size: 1G 	num_reg: 10  	lose cover RAM: 2048G
0: [    0.000211]  gran_size: 512M 	chunk_size: 2G 	num_reg: 10  	lose cover RAM: 2048G
0: [    0.000212]  gran_size: 1G 	chunk_size: 1G 	num_reg: 10  	lose cover RAM: 2048G
0: [    0.000213]  gran_size: 1G 	chunk_size: 2G 	num_reg: 10  	lose cover RAM: 2048G
0: [    0.000213]  gran_size: 2G 	chunk_size: 2G 	num_reg: 10  	lose cover RAM: 2048G
0: [    0.000214] mtrr_cleanup: can not find optimal value
0: [    0.000215] please specify mtrr_gran_size/mtrr_chunk_size
0: [    0.000216] MTRR map: 6 entries (3 fixed + 3 variable; max 23), built from 10 variable MTRRs
0: [    0.000218] x86/PAT: Configuration [0-7]: WB  WC  UC- UC  WB  WP  UC- WT  
0: [    0.000697] e820: update [mem 0x80000000-0xffffffff] usable ==> reserved
0: [    0.000699] last_pfn = 0x77800 max_arch_pfn = 0x10000000000
0: [    0.006346] Using GB pages for direct mapping
0: [    0.006656] secureboot: Secure boot disabled
0: [    0.006656] RAMDISK: [mem 0x3fe23000-0x42c77fff]
0: [    0.006661] ACPI: Early table checksum verification disabled
0: [    0.006665] ACPI: RSDP 0x00000000777FE014 000024 (v02 DELL  )
0: [    0.006668] ACPI: XSDT 0x00000000774F3188 0000E4 (v01 DELL   PE_SC3   00000000      01000013)
0: [    0.006672] ACPI: FACP 0x00000000777F6000 000114 (v06 DELL   PE_SC3   00000000 INTL 20091013)
0: [    0.006677] ACPI: DSDT 0x00000000776F5000 0FBF80 (v02 DELL   PE_SC3   00000003 INTL 20091013)
0: [    0.006679] ACPI: FACS 0x000000007653C000 000040
0: [    0.006681] ACPI: SSDT 0x00000000777FB000 00131D (v02 INTEL  RAS_ACPI 00000001 INTL 20210331)
0: [    0.006683] ACPI: SSDT 0x00000000777FA000 00076E (v02 INTEL  ADDRXLAT 00000001 INTL 20210331)
0: [    0.006685] ACPI: BERT 0x00000000777F9000 000030 (v01 DELL   PE_SC3   00000001 INTL 00000001)
0: [    0.006686] ACPI: ERST 0x00000000777F8000 000230 (v01 DELL   PE_SC3   00000001 INTL 00000001)
0: [    0.006688] ACPI: MCEJ 0x00000000777F7000 000130 (v01 INTEL           00000001 INTL 0100000D)
0: [    0.006690] ACPI: HPET 0x00000000777F5000 000038 (v01 DELL   PE_SC3   00000001 INTL 20091013)
0: [    0.006692] ACPI: MCFG 0x00000000777F4000 00003C (v01 DELL   PE_SC3   00000001 INTL 20091013)
0: [    0.006694] ACPI: MIGT 0x00000000777F3000 000040 (v01 DELL   PE_SC3   00000000 INTL 20091013)
0: [    0.006695] ACPI: MSCT 0x00000000777F2000 000090 (v01 DELL   PE_SC3   00000001 INTL 20091013)
0: [    0.006697] ACPI: WSMT 0x00000000777F1000 000028 (v01 DELL   PE_SC3   00000000 INTL 20091013)
0: [    0.006699] ACPI: APIC 0x00000000776F4000 00045E (v05 DELL   PE_SC3   10182021 INTL 20091013)
0: [    0.006701] ACPI: SRAT 0x00000000776EC000 007830 (v03 DELL   PE_SC3   00000002      01000013)
0: [    0.006702] ACPI: SLIT 0x00000000776EB000 000030 (v01 DELL   PE_SC3   00000002      01000013)
0: [    0.006704] ACPI: HMAT 0x00000000776EA000 000158 (v02 DELL   PE_SC3   00000002      01000013)
0: [    0.006706] ACPI: OEM4 0x0000000077562000 187A51 (v02 INTEL  CPU  CST 00003000 INTL 20210331)
0: [    0.006708] ACPI: SSDT 0x00000000774F8000 069895 (v02 INTEL  SSDT  PM 00004000 INTL 20210331)
0: [    0.006710] ACPI: SSDT 0x00000000774F7000 000A1F (v02 DELL   PE_SC3   00000000 INTL 20091013)
0: [    0.006711] ACPI: HEST 0x00000000774F6000 00017C (v01 DELL   PE_SC3   00000001 INTL 00000001)
0: [    0.006713] ACPI: SSDT 0x00000000774F5000 000623 (v02 DELL   Tpm2Tabl 00001000 INTL 20210331)
0: [    0.006715] ACPI: TPM2 0x00000000774F4000 00004C (v04 DELL   PE_SC3   00000002      01000013)
0: [    0.006717] ACPI: SPCR 0x00000000777FD000 000050 (v02 DELL   PE_SC3   00000002 DELL 00000001)
0: [    0.006718] ACPI: SSDT 0x00000000774F1000 0017AC (v02 DELL   PE_SC3   00000002 DELL 00000001)
0: [    0.006720] ACPI: NBFT 0x00000000774F0000 000124 (v01 DELL   PE_SC3   00000000      01000013)
0: [    0.006722] ACPI: Reserving FACP table memory at [mem 0x777f6000-0x777f6113]
0: [    0.006723] ACPI: Reserving DSDT table memory at [mem 0x776f5000-0x777f0f7f]
0: [    0.006723] ACPI: Reserving FACS table memory at [mem 0x7653c000-0x7653c03f]
0: [    0.006724] ACPI: Reserving SSDT table memory at [mem 0x777fb000-0x777fc31c]
0: [    0.006724] ACPI: Reserving SSDT table memory at [mem 0x777fa000-0x777fa76d]
0: [    0.006725] ACPI: Reserving BERT table memory at [mem 0x777f9000-0x777f902f]
0: [    0.006725] ACPI: Reserving ERST table memory at [mem 0x777f8000-0x777f822f]
0: [    0.006726] ACPI: Reserving MCEJ table memory at [mem 0x777f7000-0x777f712f]
0: [    0.006726] ACPI: Reserving HPET table memory at [mem 0x777f5000-0x777f5037]
0: [    0.006727] ACPI: Reserving MCFG table memory at [mem 0x777f4000-0x777f403b]
0: [    0.006727] ACPI: Reserving MIGT table memory at [mem 0x777f3000-0x777f303f]
0: [    0.006728] ACPI: Reserving MSCT table memory at [mem 0x777f2000-0x777f208f]
0: [    0.006728] ACPI: Reserving WSMT table memory at [mem 0x777f1000-0x777f1027]
0: [    0.006729] ACPI: Reserving APIC table memory at [mem 0x776f4000-0x776f445d]
0: [    0.006729] ACPI: Reserving SRAT table memory at [mem 0x776ec000-0x776f382f]
0: [    0.006730] ACPI: Reserving SLIT table memory at [mem 0x776eb000-0x776eb02f]
0: [    0.006730] ACPI: Reserving HMAT table memory at [mem 0x776ea000-0x776ea157]
0: [    0.006731] ACPI: Reserving OEM4 table memory at [mem 0x77562000-0x776e9a50]
0: [    0.006731] ACPI: Reserving SSDT table memory at [mem 0x774f8000-0x77561894]
0: [    0.006732] ACPI: Reserving SSDT table memory at [mem 0x774f7000-0x774f7a1e]
0: [    0.006732] ACPI: Reserving HEST table memory at [mem 0x774f6000-0x774f617b]
0: [    0.006733] ACPI: Reserving SSDT table memory at [mem 0x774f5000-0x774f5622]
0: [    0.006733] ACPI: Reserving TPM2 table memory at [mem 0x774f4000-0x774f404b]
0: [    0.006734] ACPI: Reserving SPCR table memory at [mem 0x777fd000-0x777fd04f]
0: [    0.006734] ACPI: Reserving SSDT table memory at [mem 0x774f1000-0x774f27ab]
0: [    0.006735] ACPI: Reserving NBFT table memory at [mem 0x774f0000-0x774f0123]
0: [    0.006775] SRAT: PXM 0 -> APIC 0x00 -> Node 0
0: [    0.006776] SRAT: PXM 0 -> APIC 0x01 -> Node 0
0: [    0.006777] SRAT: PXM 0 -> APIC 0x02 -> Node 0
0: [    0.006777] SRAT: PXM 0 -> APIC 0x03 -> Node 0
0: [    0.006778] SRAT: PXM 0 -> APIC 0x04 -> Node 0
0: [    0.006778] SRAT: PXM 0 -> APIC 0x05 -> Node 0
0: [    0.006779] SRAT: PXM 0 -> APIC 0x06 -> Node 0
0: [    0.006779] SRAT: PXM 0 -> APIC 0x07 -> Node 0
0: [    0.006779] SRAT: PXM 0 -> APIC 0x08 -> Node 0
0: [    0.006780] SRAT: PXM 0 -> APIC 0x09 -> Node 0
0: [    0.006780] SRAT: PXM 0 -> APIC 0x0a -> Node 0
0: [    0.006781] SRAT: PXM 0 -> APIC 0x0b -> Node 0
0: [    0.006781] SRAT: PXM 0 -> APIC 0x0c -> Node 0
0: [    0.006781] SRAT: PXM 0 -> APIC 0x0d -> Node 0
0: [    0.006782] SRAT: PXM 0 -> APIC 0x0e -> Node 0
0: [    0.006782] SRAT: PXM 0 -> APIC 0x0f -> Node 0
0: [    0.006783] SRAT: PXM 0 -> APIC 0x10 -> Node 0
0: [    0.006783] SRAT: PXM 0 -> APIC 0x11 -> Node 0
0: [    0.006783] SRAT: PXM 0 -> APIC 0x12 -> Node 0
0: [    0.006784] SRAT: PXM 0 -> APIC 0x13 -> Node 0
0: [    0.006784] SRAT: PXM 0 -> APIC 0x14 -> Node 0
0: [    0.006785] SRAT: PXM 0 -> APIC 0x15 -> Node 0
0: [    0.006785] SRAT: PXM 0 -> APIC 0x16 -> Node 0
0: [    0.006786] SRAT: PXM 0 -> APIC 0x17 -> Node 0
0: [    0.006786] SRAT: PXM 0 -> APIC 0x18 -> Node 0
0: [    0.006786] SRAT: PXM 0 -> APIC 0x19 -> Node 0
0: [    0.006787] SRAT: PXM 0 -> APIC 0x1a -> Node 0
0: [    0.006787] SRAT: PXM 0 -> APIC 0x1b -> Node 0
0: [    0.006788] SRAT: PXM 0 -> APIC 0x1c -> Node 0
0: [    0.006788] SRAT: PXM 0 -> APIC 0x1d -> Node 0
0: [    0.006788] SRAT: PXM 0 -> APIC 0x1e -> Node 0
0: [    0.006789] SRAT: PXM 0 -> APIC 0x1f -> Node 0
0: [    0.006789] SRAT: PXM 0 -> APIC 0x20 -> Node 0
0: [    0.006790] SRAT: PXM 0 -> APIC 0x21 -> Node 0
0: [    0.006790] SRAT: PXM 0 -> APIC 0x22 -> Node 0
0: [    0.006791] SRAT: PXM 0 -> APIC 0x23 -> Node 0
0: [    0.006791] SRAT: PXM 0 -> APIC 0x24 -> Node 0
0: [    0.006791] SRAT: PXM 0 -> APIC 0x25 -> Node 0
0: [    0.006792] SRAT: PXM 0 -> APIC 0x26 -> Node 0
0: [    0.006792] SRAT: PXM 0 -> APIC 0x27 -> Node 0
0: [    0.006793] SRAT: PXM 0 -> APIC 0x28 -> Node 0
0: [    0.006793] SRAT: PXM 0 -> APIC 0x29 -> Node 0
0: [    0.006793] SRAT: PXM 0 -> APIC 0x2a -> Node 0
0: [    0.006794] SRAT: PXM 0 -> APIC 0x2b -> Node 0
0: [    0.006794] SRAT: PXM 0 -> APIC 0x2c -> Node 0
0: [    0.006795] SRAT: PXM 0 -> APIC 0x2d -> Node 0
0: [    0.006795] SRAT: PXM 0 -> APIC 0x2e -> Node 0
0: [    0.006795] SRAT: PXM 0 -> APIC 0x2f -> Node 0
0: [    0.006796] SRAT: PXM 0 -> APIC 0x30 -> Node 0
0: [    0.006796] SRAT: PXM 0 -> APIC 0x31 -> Node 0
0: [    0.006797] SRAT: PXM 0 -> APIC 0x32 -> Node 0
0: [    0.006797] SRAT: PXM 0 -> APIC 0x33 -> Node 0
0: [    0.006798] SRAT: PXM 0 -> APIC 0x34 -> Node 0
0: [    0.006798] SRAT: PXM 0 -> APIC 0x35 -> Node 0
0: [    0.006798] SRAT: PXM 0 -> APIC 0x36 -> Node 0
0: [    0.006799] SRAT: PXM 0 -> APIC 0x37 -> Node 0
0: [    0.006799] SRAT: PXM 0 -> APIC 0x38 -> Node 0
0: [    0.006800] SRAT: PXM 0 -> APIC 0x39 -> Node 0
0: [    0.006800] SRAT: PXM 0 -> APIC 0x3a -> Node 0
0: [    0.006800] SRAT: PXM 0 -> APIC 0x3b -> Node 0
0: [    0.006801] SRAT: PXM 0 -> APIC 0x3c -> Node 0
0: [    0.006801] SRAT: PXM 0 -> APIC 0x3d -> Node 0
0: [    0.006802] SRAT: PXM 0 -> APIC 0x3e -> Node 0
0: [    0.006802] SRAT: PXM 0 -> APIC 0x3f -> Node 0
0: [    0.006803] SRAT: PXM 1 -> APIC 0x80 -> Node 1
0: [    0.006803] SRAT: PXM 1 -> APIC 0x81 -> Node 1
0: [    0.006803] SRAT: PXM 1 -> APIC 0x82 -> Node 1
0: [    0.006804] SRAT: PXM 1 -> APIC 0x83 -> Node 1
0: [    0.006804] SRAT: PXM 1 -> APIC 0x84 -> Node 1
0: [    0.006805] SRAT: PXM 1 -> APIC 0x85 -> Node 1
0: [    0.006805] SRAT: PXM 1 -> APIC 0x86 -> Node 1
0: [    0.006806] SRAT: PXM 1 -> APIC 0x87 -> Node 1
0: [    0.006806] SRAT: PXM 1 -> APIC 0x88 -> Node 1
0: [    0.006806] SRAT: PXM 1 -> APIC 0x89 -> Node 1
0: [    0.006807] SRAT: PXM 1 -> APIC 0x8a -> Node 1
0: [    0.006807] SRAT: PXM 1 -> APIC 0x8b -> Node 1
0: [    0.006808] SRAT: PXM 1 -> APIC 0x8c -> Node 1
0: [    0.006808] SRAT: PXM 1 -> APIC 0x8d -> Node 1
0: [    0.006808] SRAT: PXM 1 -> APIC 0x8e -> Node 1
0: [    0.006809] SRAT: PXM 1 -> APIC 0x8f -> Node 1
0: [    0.006809] SRAT: PXM 1 -> APIC 0x90 -> Node 1
0: [    0.006810] SRAT: PXM 1 -> APIC 0x91 -> Node 1
0: [    0.006810] SRAT: PXM 1 -> APIC 0x92 -> Node 1
0: [    0.006811] SRAT: PXM 1 -> APIC 0x93 -> Node 1
0: [    0.006811] SRAT: PXM 1 -> APIC 0x94 -> Node 1
0: [    0.006811] SRAT: PXM 1 -> APIC 0x95 -> Node 1
0: [    0.006812] SRAT: PXM 1 -> APIC 0x96 -> Node 1
0: [    0.006812] SRAT: PXM 1 -> APIC 0x97 -> Node 1
0: [    0.006813] SRAT: PXM 1 -> APIC 0x98 -> Node 1
0: [    0.006813] SRAT: PXM 1 -> APIC 0x99 -> Node 1
0: [    0.006813] SRAT: PXM 1 -> APIC 0x9a -> Node 1
0: [    0.006814] SRAT: PXM 1 -> APIC 0x9b -> Node 1
0: [    0.006814] SRAT: PXM 1 -> APIC 0x9c -> Node 1
0: [    0.006815] SRAT: PXM 1 -> APIC 0x9d -> Node 1
0: [    0.006815] SRAT: PXM 1 -> APIC 0x9e -> Node 1
0: [    0.006816] SRAT: PXM 1 -> APIC 0x9f -> Node 1
0: [    0.006816] SRAT: PXM 1 -> APIC 0xa0 -> Node 1
0: [    0.006816] SRAT: PXM 1 -> APIC 0xa1 -> Node 1
0: [    0.006817] SRAT: PXM 1 -> APIC 0xa2 -> Node 1
0: [    0.006817] SRAT: PXM 1 -> APIC 0xa3 -> Node 1
0: [    0.006818] SRAT: PXM 1 -> APIC 0xa4 -> Node 1
0: [    0.006818] SRAT: PXM 1 -> APIC 0xa5 -> Node 1
0: [    0.006818] SRAT: PXM 1 -> APIC 0xa6 -> Node 1
0: [    0.006819] SRAT: PXM 1 -> APIC 0xa7 -> Node 1
0: [    0.006819] SRAT: PXM 1 -> APIC 0xa8 -> Node 1
0: [    0.006820] SRAT: PXM 1 -> APIC 0xa9 -> Node 1
0: [    0.006820] SRAT: PXM 1 -> APIC 0xaa -> Node 1
0: [    0.006820] SRAT: PXM 1 -> APIC 0xab -> Node 1
0: [    0.006821] SRAT: PXM 1 -> APIC 0xac -> Node 1
0: [    0.006821] SRAT: PXM 1 -> APIC 0xad -> Node 1
0: [    0.006822] SRAT: PXM 1 -> APIC 0xae -> Node 1
0: [    0.006822] SRAT: PXM 1 -> APIC 0xaf -> Node 1
0: [    0.006823] SRAT: PXM 1 -> APIC 0xb0 -> Node 1
0: [    0.006823] SRAT: PXM 1 -> APIC 0xb1 -> Node 1
0: [    0.006823] SRAT: PXM 1 -> APIC 0xb2 -> Node 1
0: [    0.006824] SRAT: PXM 1 -> APIC 0xb3 -> Node 1
0: [    0.006824] SRAT: PXM 1 -> APIC 0xb4 -> Node 1
0: [    0.006825] SRAT: PXM 1 -> APIC 0xb5 -> Node 1
0: [    0.006825] SRAT: PXM 1 -> APIC 0xb6 -> Node 1
0: [    0.006825] SRAT: PXM 1 -> APIC 0xb7 -> Node 1
0: [    0.006826] SRAT: PXM 1 -> APIC 0xb8 -> Node 1
0: [    0.006826] SRAT: PXM 1 -> APIC 0xb9 -> Node 1
0: [    0.006827] SRAT: PXM 1 -> APIC 0xba -> Node 1
0: [    0.006827] SRAT: PXM 1 -> APIC 0xbb -> Node 1
0: [    0.006828] SRAT: PXM 1 -> APIC 0xbc -> Node 1
0: [    0.006828] SRAT: PXM 1 -> APIC 0xbd -> Node 1
0: [    0.006828] SRAT: PXM 1 -> APIC 0xbe -> Node 1
0: [    0.006829] SRAT: PXM 1 -> APIC 0xbf -> Node 1
0: [    0.006860] ACPI: SRAT: Node 0 PXM 0 [mem 0x00000000-0x7fffffff]
0: [    0.006862] ACPI: SRAT: Node 0 PXM 0 [mem 0x100000000-0x1007fffffff]
0: [    0.006862] ACPI: SRAT: Node 1 PXM 1 [mem 0x10080000000-0x2007fffffff]
0: [    0.006873] NUMA: Initialized distance table, cnt=2
0: [    0.006875] NUMA: Node 0 [mem 0x00000000-0x7fffffff] + [mem 0x100000000-0x1007fffffff] -> [mem 0x00000000-0x1007fffffff]
0: [    0.006882] NODE_DATA(0) allocated [mem 0x1007ffd5000-0x1007fffffff]
0: [    0.006895] NODE_DATA(1) allocated [mem 0x2007ffd1000-0x2007fffbfff]
0: [    0.008521] Zone ranges:
0: [    0.008521]   DMA      [mem 0x0000000000001000-0x0000000000ffffff]
0: [    0.008523]   DMA32    [mem 0x0000000001000000-0x00000000ffffffff]
0: [    0.008524]   Normal   [mem 0x0000000100000000-0x000002007fffffff]
0: [    0.008525]   Device   empty
0: [    0.008525] Movable zone start for each node
0: [    0.008528] Early memory node ranges
0: [    0.008528]   node   0: [mem 0x0000000000001000-0x000000000009ffff]
0: [    0.008529]   node   0: [mem 0x0000000000100000-0x000000004de14fff]
0: [    0.008530]   node   0: [mem 0x0000000050615000-0x00000000641fdfff]
0: [    0.008530]   node   0: [mem 0x00000000777ff000-0x00000000777fffff]
0: [    0.008531]   node   0: [mem 0x0000000100000000-0x000001007fffffff]
0: [    0.008583]   node   1: [mem 0x0000010080000000-0x000002007fffffff]
0: [    0.008635] Initmem setup node 0 [mem 0x0000000000001000-0x000001007fffffff]
0: [    0.008638] Initmem setup node 1 [mem 0x0000010080000000-0x000002007fffffff]
0: [    0.008641] On node 0, zone DMA: 1 pages in unavailable ranges
0: [    0.008671] On node 0, zone DMA: 96 pages in unavailable ranges
0: [    0.011682] On node 0, zone DMA32: 10240 pages in unavailable ranges
0: [    0.012104] On node 0, zone DMA32: 46593 pages in unavailable ranges
0: [    0.012379] On node 0, zone Normal: 2048 pages in unavailable ranges
0: [    0.012935] ACPI: PM-Timer IO Port: 0x508
0: [    0.012951] ACPI: X2APIC_NMI (uid[0xffffffff] high edge lint[0x1])
0: [    0.012953] ACPI: LAPIC_NMI (acpi_id[0xff] high edge lint[0x1])
0: [    0.012984] IOAPIC[0]: apic_id 8, version 32, address 0xfec00000, GSI 0-119
0: [    0.012986] ACPI: INT_SRC_OVR (bus 0 bus_irq 0 global_irq 2 dfl dfl)
0: [    0.012988] ACPI: INT_SRC_OVR (bus 0 bus_irq 9 global_irq 9 high level)
0: [    0.012991] ACPI: Using ACPI (MADT) for SMP configuration information
0: [    0.012992] ACPI: HPET id: 0x8086a701 base: 0xfed00000
0: [    0.012995] ACPI: SPCR: console: uart,io,0x3f8,115200
0: [    0.012996] TSC deadline timer available
0: [    0.012997] smpboot: Allowing 128 CPUs, 0 hotplug CPUs
0: [    0.013011] PM: hibernation: Registered nosave memory: [mem 0x00000000-0x00000fff]
0: [    0.013013] PM: hibernation: Registered nosave memory: [mem 0x000a0000-0x000fffff]
0: [    0.013014] PM: hibernation: Registered nosave memory: [mem 0x3f6ad000-0x3f6adfff]
0: [    0.013015] PM: hibernation: Registered nosave memory: [mem 0x3f76b000-0x3f76bfff]
0: [    0.013016] PM: hibernation: Registered nosave memory: [mem 0x3f76c000-0x3f76cfff]
0: [    0.013016] PM: hibernation: Registered nosave memory: [mem 0x3f82a000-0x3f82afff]
0: [    0.013017] PM: hibernation: Registered nosave memory: [mem 0x3f82b000-0x3f82bfff]
0: [    0.013018] PM: hibernation: Registered nosave memory: [mem 0x3f8e9000-0x3f8e9fff]
0: [    0.013018] PM: hibernation: Registered nosave memory: [mem 0x3f8ea000-0x3f8eafff]
0: [    0.013019] PM: hibernation: Registered nosave memory: [mem 0x3f9a8000-0x3f9a8fff]
0: [    0.013019] PM: hibernation: Registered nosave memory: [mem 0x3f9a9000-0x3f9a9fff]
0: [    0.013020] PM: hibernation: Registered nosave memory: [mem 0x3fa67000-0x3fa67fff]
0: [    0.013021] PM: hibernation: Registered nosave memory: [mem 0x3fa68000-0x3fa68fff]
0: [    0.013022] PM: hibernation: Registered nosave memory: [mem 0x3fb26000-0x3fb26fff]
0: [    0.013022] PM: hibernation: Registered nosave memory: [mem 0x3fb27000-0x3fb27fff]
0: [    0.013023] PM: hibernation: Registered nosave memory: [mem 0x3fbe5000-0x3fbe5fff]
0: [    0.013023] PM: hibernation: Registered nosave memory: [mem 0x3fbe6000-0x3fbe6fff]
0: [    0.013024] PM: hibernation: Registered nosave memory: [mem 0x3fca4000-0x3fca4fff]
0: [    0.013025] PM: hibernation: Registered nosave memory: [mem 0x3fca5000-0x3fca5fff]
0: [    0.013026] PM: hibernation: Registered nosave memory: [mem 0x3fd63000-0x3fd63fff]
0: [    0.013026] PM: hibernation: Registered nosave memory: [mem 0x3fd64000-0x3fd64fff]
0: [    0.013027] PM: hibernation: Registered nosave memory: [mem 0x3fe22000-0x3fe22fff]
0: [    0.013028] PM: hibernation: Registered nosave memory: [mem 0x43287000-0x43287fff]
0: [    0.013029] PM: hibernation: Registered nosave memory: [mem 0x4328f000-0x4328ffff]
0: [    0.013029] PM: hibernation: Registered nosave memory: [mem 0x43290000-0x43290fff]
0: [    0.013030] PM: hibernation: Registered nosave memory: [mem 0x432c6000-0x432c6fff]
0: [    0.013031] PM: hibernation: Registered nosave memory: [mem 0x432c7000-0x432c7fff]
0: [    0.013032] PM: hibernation: Registered nosave memory: [mem 0x432fd000-0x432fdfff]
0: [    0.013032] PM: hibernation: Registered nosave memory: [mem 0x432fe000-0x432fefff]
0: [    0.013033] PM: hibernation: Registered nosave memory: [mem 0x43311000-0x43311fff]
0: [    0.013034] PM: hibernation: Registered nosave memory: [mem 0x4de15000-0x50614fff]
0: [    0.013035] PM: hibernation: Registered nosave memory: [mem 0x641fe000-0x74dfefff]
0: [    0.013035] PM: hibernation: Registered nosave memory: [mem 0x74dff000-0x771fefff]
0: [    0.013036] PM: hibernation: Registered nosave memory: [mem 0x771ff000-0x777fefff]
0: [    0.013037] PM: hibernation: Registered nosave memory: [mem 0x77800000-0x7fffffff]
0: [    0.013037] PM: hibernation: Registered nosave memory: [mem 0x80000000-0xfe00ffff]
0: [    0.013038] PM: hibernation: Registered nosave memory: [mem 0xfe010000-0xfe010fff]
0: [    0.013038] PM: hibernation: Registered nosave memory: [mem 0xfe011000-0xffffffff]
0: [    0.013039] [mem 0x80000000-0xfe00ffff] available for PCI devices
0: [    0.013041] Booting paravirtualized kernel on bare hardware
0: [    0.013043] clocksource: refined-jiffies: mask: 0xffffffff max_cycles: 0xffffffff, max_idle_ns: 1910969940391419 ns
0: [    0.017406] setup_percpu: NR_CPUS:8192 nr_cpumask_bits:128 nr_cpu_ids:128 nr_node_ids:2
0: [    0.021343] percpu: Embedded 64 pages/cpu s225280 r8192 d28672 u262144
0: [    0.021349] pcpu-alloc: s225280 r8192 d28672 u262144 alloc=1*2097152
0: [    0.021351] pcpu-alloc: [0] 000 001 002 003 004 005 006 007 
0: [    0.021354] pcpu-alloc: [0] 008 009 010 011 012 013 014 015 
0: [    0.021357] pcpu-alloc: [0] 016 017 018 019 020 021 022 023 
0: [    0.021359] pcpu-alloc: [0] 024 025 026 027 028 029 030 031 
0: [    0.021361] pcpu-alloc: [0] 064 065 066 067 068 069 070 071 
0: [    0.021363] pcpu-alloc: [0] 072 073 074 075 076 077 078 079 
0: [    0.021365] pcpu-alloc: [0] 080 081 082 083 084 085 086 087 
0: [    0.021367] pcpu-alloc: [0] 088 089 090 091 092 093 094 095 
0: [    0.021369] pcpu-alloc: [1] 032 033 034 035 036 037 038 039 
0: [    0.021371] pcpu-alloc: [1] 040 041 042 043 044 045 046 047 
0: [    0.021373] pcpu-alloc: [1] 048 049 050 051 052 053 054 055 
0: [    0.021375] pcpu-alloc: [1] 056 057 058 059 060 061 062 063 
0: [    0.021377] pcpu-alloc: [1] 096 097 098 099 100 101 102 103 
0: [    0.021380] pcpu-alloc: [1] 104 105 106 107 108 109 110 111 
0: [    0.021382] pcpu-alloc: [1] 112 113 114 115 116 117 118 119 
0: [    0.021384] pcpu-alloc: [1] 120 121 122 123 124 125 126 127 
0: [    0.021410] Kernel command line: BOOT_IMAGE=(hd0,gpt2)/boot/vmlinuz-5.14.0-503.14.1.el9_5.x86_64 root=UUID=ca76200a-8589-4f91-9593-14c14f0f489b ro console=ttyS0,115200
0: [    0.021451] Unknown kernel command line parameters "BOOT_IMAGE=(hd0,gpt2)/boot/vmlinuz-5.14.0-503.14.1.el9_5.x86_64", will be passed to user space.
0: [    0.021473] random: crng init done
0: [    0.023020] Fallback order for Node 0: 0 1 
0: [    0.023023] Fallback order for Node 1: 1 0 
0: [    0.023028] Built 2 zonelists, mobility grouping on.  Total pages: 528358551
0: [    0.023029] Policy zone: Normal
0: [    0.023221] mem auto-init: stack:off, heap alloc:off, heap free:off
0: [    0.023227] software IO TLB: area num 128.
0: [    0.265153] Memory: 1448508K/2146985592K available (16384K kernel code, 5685K rwdata, 12904K rodata, 3976K init, 5672K bss, 34054696K reserved, 0K cma-reserved)
0: [    0.265769] SLUB: HWalign=64, Order=0-3, MinObjects=0, CPUs=128, Nodes=2
0: [    0.265834] ftrace: allocating 48129 entries in 189 pages
0: [    0.274076] ftrace: allocated 189 pages with 6 groups
0: [    0.274880] Dynamic Preempt: voluntary
0: [    0.275602] rcu: Preemptible hierarchical RCU implementation.
0: [    0.275603] rcu: 	RCU restricting CPUs from NR_CPUS=8192 to nr_cpu_ids=128.
0: [    0.275605] 	Trampoline variant of Tasks RCU enabled.
0: [    0.275605] 	Rude variant of Tasks RCU enabled.
0: [    0.275606] 	Tracing variant of Tasks RCU enabled.
0: [    0.275606] rcu: RCU calculated value of scheduler-enlistment delay is 100 jiffies.
0: [    0.275607] rcu: Adjusting geometry for rcu_fanout_leaf=16, nr_cpu_ids=128
0: [    0.278687] NR_IRQS: 524544, nr_irqs: 3080, preallocated irqs: 16
0: [    0.279035] rcu: srcu_init: Setting srcu_struct sizes to big.
0: [    0.279232] kfence: initialized - using 2097152 bytes for 255 objects at 0x(____ptrval____)-0x(____ptrval____)
0: [    0.279520] Console: colour dummy device 80x25
0: [    0.279557] printk: console [ttyS0] enabled
0: [    3.577670] mempolicy: Enabling automatic NUMA balancing. Configure with numa_balancing= or the kernel.numa_balancing sysctl
0: [    3.588891] ACPI: Core revision 20230331
0: [    3.593930] clocksource: hpet: mask: 0xffffffff max_cycles: 0xffffffff, max_idle_ns: 76450417870 ns
0: [    3.603035] APIC: Switch to symmetric I/O mode setup
0: [    3.608744] x2apic: IRQ remapping doesn't support X2APIC mode
0: [    3.614794] APIC: Switched APIC routing to: physical flat
0: [    3.624077] ..TIMER: vector=0x30 apic1=0 pin1=2 apic2=-1 pin2=-1
0: [    3.635023] clocksource: tsc-early: mask: 0xffffffffffffffff max_cycles: 0x285c40e2248, max_idle_ns: 440795340634 ns
0: [    3.645556] Calibrating delay loop (skipped), value calculated using timer frequency.. 5600.00 BogoMIPS (lpj=2800000)
0: [    3.646620] x86/cpu: VMX (outside TXT) disabled by BIOS
0: [    3.647555] x86/cpu: SGX disabled by BIOS.
0: [    3.648561] CPU0: Thermal monitoring enabled (TM1)
0: [    3.649556] x86/cpu: User Mode Instruction Prevention (UMIP) activated
0: [    3.651615] process: using mwait in idle threads
0: [    3.652557] Last level iTLB entries: 4KB 0, 2MB 0, 4MB 0
0: [    3.653555] Last level dTLB entries: 4KB 0, 2MB 0, 4MB 0, 1GB 0
0: [    3.654559] Spectre V1 : Mitigation: usercopy/swapgs barriers and __user pointer sanitization
0: [    3.655556] Spectre V2 : Mitigation: Enhanced / Automatic IBRS
0: [    3.656555] Spectre V2 : Spectre v2 / SpectreRSB mitigation: Filling RSB on context switch
0: [    3.657555] Spectre V2 : Spectre v2 / PBRSB-eIBRS: Retire a single CALL on VMEXIT
0: [    3.658556] Spectre V2 : mitigation: Enabling conditional Indirect Branch Prediction Barrier
0: [    3.659555] Speculative Store Bypass: Mitigation: Speculative Store Bypass disabled via prctl
0: [    3.660574] x86/fpu: Supporting XSAVE feature 0x001: 'x87 floating point registers'
0: [    3.661555] x86/fpu: Supporting XSAVE feature 0x002: 'SSE registers'
0: [    3.662555] x86/fpu: Supporting XSAVE feature 0x004: 'AVX registers'
0: [    3.663555] x86/fpu: Supporting XSAVE feature 0x020: 'AVX-512 opmask'
0: [    3.664555] x86/fpu: Supporting XSAVE feature 0x040: 'AVX-512 Hi256'
0: [    3.665555] x86/fpu: Supporting XSAVE feature 0x080: 'AVX-512 ZMM_Hi256'
0: [    3.666555] x86/fpu: Supporting XSAVE feature 0x200: 'Protection Keys User registers'
0: [    3.667555] x86/fpu: Supporting XSAVE feature 0x400: 'PASID state'
0: [    3.668555] x86/fpu: Supporting XSAVE feature 0x800: 'Control-flow User registers'
0: [    3.669555] x86/fpu: Supporting XSAVE feature 0x20000: 'AMX Tile config'
0: [    3.670555] x86/fpu: Supporting XSAVE feature 0x40000: 'AMX Tile data'
0: [    3.671555] x86/fpu: xstate_offset[2]:  576, xstate_sizes[2]:  256
0: [    3.672555] x86/fpu: xstate_offset[5]:  832, xstate_sizes[5]:   64
0: [    3.673555] x86/fpu: xstate_offset[6]:  896, xstate_sizes[6]:  512
0: [    3.674555] x86/fpu: xstate_offset[7]: 1408, xstate_sizes[7]: 1024
0: [    3.675555] x86/fpu: xstate_offset[9]: 2432, xstate_sizes[9]:    8
0: [    3.676555] x86/fpu: xstate_offset[10]: 2440, xstate_sizes[10]:    8
0: [    3.677555] x86/fpu: xstate_offset[11]: 2448, xstate_sizes[11]:   16
0: [    3.678555] x86/fpu: xstate_offset[17]: 2496, xstate_sizes[17]:   64
0: [    3.679555] x86/fpu: xstate_offset[18]: 2560, xstate_sizes[18]: 8192
0: [    3.680555] x86/fpu: Enabled xstate features 0x60ee7, context size is 10752 bytes, using 'compacted' format.
0: [    3.694101] Freeing SMP alternatives memory: 40K
0: [    3.694555] pid_max: default: 131072 minimum: 1024
0: [    3.701661] LSM: initializing lsm=lockdown,capability,yama,integrity,selinux,bpf
0: [    3.702574] Yama: becoming mindful.
0: [    3.703567] SELinux:  Initializing.
0: [    3.704625] LSM support for eBPF active
0: [    3.732966] Dentry cache hash table entries: 33554432 (order: 16, 268435456 bytes, vmalloc hugepage)
0: [    3.747447] Inode-cache hash table entries: 16777216 (order: 15, 134217728 bytes, vmalloc hugepage)
0: [    3.748993] Mount-cache hash table entries: 524288 (order: 10, 4194304 bytes, vmalloc hugepage)
0: [    3.749973] Mountpoint-cache hash table entries: 524288 (order: 10, 4194304 bytes, vmalloc hugepage)
0: [    3.752724] smpboot: CPU0: Intel(R) Xeon(R) Platinum 8462Y+ (family: 0x6, model: 0x8f, stepping: 0x8)
0: [    3.753843] RCU Tasks: Setting shift to 7 and lim to 1 rcu_task_cb_adjust=1.
0: [    3.754585] RCU Tasks Rude: Setting shift to 7 and lim to 1 rcu_task_cb_adjust=1.
0: [    3.755610] RCU Tasks Trace: Setting shift to 7 and lim to 1 rcu_task_cb_adjust=1.
0: [    3.756588] Performance Events: XSAVE Architectural LBR, PEBS fmt4+-baseline,  AnyThread deprecated, Sapphire Rapids events, 32-deep LBR, full-width counters, Intel PMU driver.
0: [    3.757556] ... version:                5
0: [    3.758555] ... bit width:              48
0: [    3.759555] ... generic registers:      8
0: [    3.760555] ... value mask:             0000ffffffffffff
0: [    3.761555] ... max period:             00007fffffffffff
0: [    3.762555] ... fixed-purpose events:   4
0: [    3.763555] ... event mask:             0001000f000000ff
0: [    3.764692] signal: max sigframe size: 11952
0: [    3.765568] Estimated ratio of average max frequency by base frequency (times 1024): 1462
0: [    3.766585] rcu: Hierarchical SRCU implementation.
0: [    3.766586] rcu: 	Max phase no-delay instances is 400.
0: [    3.774116] NMI watchdog: Enabled. Permanently consumes one hw-PMU counter.
0: [    3.775358] smp: Bringing up secondary CPUs ...
0: [    3.775673] smpboot: x86: Booting SMP configuration:
0: [    3.775674] .... node  #0, CPUs:          #1   #2   #3   #4   #5   #6   #7   #8   #9  #10  #11  #12  #13  #14  #15  #16  #17  #18  #19  #20  #21  #22  #23  #24  #25  #26  #27  #28  #29  #30  #31
0: [    3.783676] .... node  #1, CPUs:    #32  #33  #34  #35  #36  #37  #38  #39  #40  #41  #42  #43  #44  #45  #46  #47  #48  #49  #50  #51  #52  #53  #54  #55  #56  #57  #58  #59  #60  #61  #62  #63
0: [    3.357416] smpboot: CPU 32 Converting physical 0 to logical die 1
0: 
0: [    3.812694] .... node  #0, CPUs:    #64  #65  #66  #67  #68  #69  #70  #71  #72  #73  #74  #75  #76  #77  #78  #79  #80  #81  #82  #83  #84  #85  #86  #87  #88  #89  #90  #91  #92  #93  #94  #95
0: [    3.822076] .... node  #1, CPUs:    #96  #97  #98  #99 #100 #101 #102 #103 #104 #105 #106 #107 #108 #109 #110 #111 #112 #113 #114 #115 #116 #117 #118 #119 #120 #121 #122 #123 #124 #125 #126 #127
0: [    3.857631] smp: Brought up 2 nodes, 128 CPUs
0: [    3.857631] smpboot: Max logical packages: 2
0: [    3.857631] smpboot: Total of 128 processors activated (716800.00 BogoMIPS)
0: [    4.161578] node 0 deferred pages initialised in 297ms
0: [    4.163561] node 1 deferred pages initialised in 299ms
0: [    4.249644] devtmpfs: initialized
0: [    4.249644] x86/mm: Memory block size: 2048MB
0: [    4.254571] ACPI: PM: Registering ACPI NVS region [mem 0x4de15000-0x50614fff] (41943040 bytes)
0: [    4.254885] ACPI: PM: Registering ACPI NVS region [mem 0x74dff000-0x771fefff] (37748736 bytes)
0: [    4.255018] clocksource: jiffies: mask: 0xffffffff max_cycles: 0xffffffff, max_idle_ns: 1911260446275000 ns
0: [    4.255018] futex hash table entries: 32768 (order: 9, 2097152 bytes, vmalloc)
0: [    4.255305] pinctrl core: initialized pinctrl subsystem
0: [    4.295925] NET: Registered PF_NETLINK/PF_ROUTE protocol family
0: [    4.296555] DMA: preallocated 4096 KiB GFP_KERNEL pool for atomic allocations
0: [    4.296555] DMA: preallocated 4096 KiB GFP_KERNEL|GFP_DMA pool for atomic allocations
0: [    4.296555] DMA: preallocated 4096 KiB GFP_KERNEL|GFP_DMA32 pool for atomic allocations
0: [    4.296555] audit: initializing netlink subsys (disabled)
0: [    4.296578] audit: type=2000 audit(1758571762.661:1): state=initialized audit_enabled=0 res=1
0: [    4.296772] thermal_sys: Registered thermal governor 'fair_share'
0: [    4.296773] thermal_sys: Registered thermal governor 'step_wise'
0: [    4.296774] thermal_sys: Registered thermal governor 'user_space'
0: [    4.302558] cpuidle: using governor menu
0: [    4.330240] ACPI FADT declares the system doesn't support PCIe ASPM, so disable it
0: [    4.330242] acpiphp: ACPI Hot Plug PCI Controller Driver version: 0.5
0: [    4.330389] PCI: ECAM [mem 0x80000000-0x8fffffff] (base 0x80000000) for domain 0000 [bus 00-ff]
0: [    4.330394] PCI: not using ECAM ([mem 0x80000000-0x8fffffff] not reserved)
0: [    4.330395] PCI: Using configuration type 1 for base access
0: [    4.368609] kprobes: kprobe jump-optimization is enabled. All kprobes are optimized if possible.
0: [    4.369565] HugeTLB: registered 1.00 GiB page size, pre-allocated 0 pages
0: [    4.369566] HugeTLB: 16380 KiB vmemmap can be freed for a 1.00 GiB page
0: [    4.369567] HugeTLB: registered 2.00 MiB page size, pre-allocated 0 pages
0: [    4.369567] HugeTLB: 28 KiB vmemmap can be freed for a 2.00 MiB page
0: [    4.375655] cryptd: max_cpu_qlen set to 1000
0: [    4.375732] ACPI: Added _OSI(Module Device)
0: [    4.375733] ACPI: Added _OSI(Processor Device)
0: [    4.375733] ACPI: Added _OSI(3.0 _SCP Extensions)
0: [    4.375734] ACPI: Added _OSI(Processor Aggregator Device)
0: [    4.375734] ACPI: Added _OSI(Linux-Dell-Video)
0: [    4.375735] ACPI: Added _OSI(Linux-Lenovo-NV-HDMI-Audio)
0: [    4.375735] ACPI: Added _OSI(Linux-HPI-Hybrid-Graphics)
0: [    4.441542] ACPI: 7 ACPI AML tables successfully acquired and loaded
0: [    4.447600] ACPI: Dynamic OEM Table Load:
0: [    4.583893] ACPI: _OSC evaluated successfully for all CPUs
0: [    4.584840] ACPI: Interpreter enabled
0: [    4.584862] ACPI: PM: (supports S0 S5)
0: [    4.584863] ACPI: Using IOAPIC for interrupt routing
0: [    4.589225] PCI: ECAM [mem 0x80000000-0x8fffffff] (base 0x80000000) for domain 0000 [bus 00-ff]
0: [    4.599172] PCI: [Firmware Info]: ECAM [mem 0x80000000-0x8fffffff] not reserved in ACPI motherboard resources
0: [    4.599173] PCI: ECAM [mem 0x80000000-0x8fffffff] is EfiMemoryMappedIO; assuming valid
0: [    4.599174] PCI: ECAM [mem 0x80000000-0x8fffffff] reserved to work around lack of ACPI motherboard _CRS
0: [    4.599212] HEST: Table parsing has been initialized.
0: [    4.599300] GHES: APEI firmware first mode is enabled by APEI bit and WHEA _OSC.
0: [    4.599303] PCI: Using host bridge windows from ACPI; if necessary, use "pci=nocrs" and report a bug
0: [    4.599304] PCI: Ignoring E820 reservations for host bridge windows
0: [    4.609068] ACPI: Enabled 1 GPEs in block 00 to 7F
0: [    4.664504] ACPI: PCI Root Bridge [PC00] (domain 0000 [bus 00-14])
0: [    4.664509] acpi PNP0A08:00: _OSC: OS supports [ExtendedConfig ASPM ClockPM Segments MSI EDR HPX-Type3]
0: [    4.664918] acpi PNP0A08:00: _OSC: platform does not support [SHPCHotplug AER LTR DPC]
0: [    4.664990] acpi PNP0A08:00: _OSC: OS now controls [PCIeHotplug PME PCIeCapability]
0: [    4.664990] acpi PNP0A08:00: FADT indicates ASPM is unsupported, using BIOS configuration
0: [    4.665285] PCI host bridge to bus 0000:00
0: [    4.665286] pci_bus 0000:00: root bus resource [io  0x0000-0x0cf7 window]
0: [    4.665287] pci_bus 0000:00: root bus resource [io  0x1000-0x3fff window]
0: [    4.665288] pci_bus 0000:00: root bus resource [mem 0x000a0000-0x000bffff window]
0: [    4.665289] pci_bus 0000:00: root bus resource [mem 0x000c8000-0x000cffff window]
0: [    4.665289] pci_bus 0000:00: root bus resource [mem 0xfe010000-0xfe010fff window]
0: [    4.665290] pci_bus 0000:00: root bus resource [mem 0x90040000-0x95ffffff window]
0: [    4.665290] pci_bus 0000:00: root bus resource [mem 0x200000000000-0x20ffffffffff window]
0: [    4.665291] pci_bus 0000:00: root bus resource [bus 00-14]
0: [    4.665306] pci 0000:00:00.0: [8086:09a2] type 00 class 0x088000 PCIe Root Complex Integrated Endpoint
0: [    4.665380] pci 0000:00:00.1: [8086:09a4] type 00 class 0x088000 PCIe Root Complex Integrated Endpoint
0: [    4.665440] pci 0000:00:00.2: [8086:09a3] type 00 class 0x088000 PCIe Root Complex Integrated Endpoint
0: [    4.665499] pci 0000:00:00.4: [8086:0b23] type 00 class 0x080700 PCIe Root Complex Event Collector
0: [    4.665611] pci 0000:00:0a.0: [8086:1bba] type 01 class 0x060400 PCIe Root Port
0: [    4.665626] pci 0000:00:0a.0: BAR 0 [mem 0x20fffff40000-0x20fffff5ffff 64bit]
0: [    4.665634] pci 0000:00:0a.0: PCI bridge to [bus 01]
0: [    4.665639] pci 0000:00:0a.0:   bridge window [mem 0x95a00000-0x95afffff]
0: [    4.665655] pci 0000:00:0a.0: enabling Extended Tags
0: [    4.665716] pci 0000:00:0a.0: PME# supported from D0 D3hot D3cold
0: [    4.665750] pci 0000:00:0a.0: PTM enabled (root), 2ns granularity
0: [    4.666086] pci 0000:00:0c.0: [8086:1bbc] type 01 class 0x060400 PCIe Root Port
0: [    4.666102] pci 0000:00:0c.0: BAR 0 [mem 0x20fffff20000-0x20fffff3ffff 64bit]
0: [    4.666109] pci 0000:00:0c.0: PCI bridge to [bus 02]
0: [    4.666122] pci 0000:00:0c.0:   bridge window [mem 0x95900000-0x959fffff 64bit pref]
0: [    4.666131] pci 0000:00:0c.0: enabling Extended Tags
0: [    4.666195] pci 0000:00:0c.0: PME# supported from D0 D3hot D3cold
0: [    4.666229] pci 0000:00:0c.0: PTM enabled (root), 2ns granularity
0: [    4.666547] pci 0000:00:0e.0: [8086:1bbe] type 01 class 0x060400 PCIe Root Port
0: [    4.666564] pci 0000:00:0e.0: BAR 0 [mem 0x20fffff00000-0x20fffff1ffff 64bit]
0: [    4.666572] pci 0000:00:0e.0: PCI bridge to [bus 03-04]
0: [    4.666576] pci 0000:00:0e.0:   bridge window [mem 0x95000000-0x958fffff]
0: [    4.666585] pci 0000:00:0e.0:   bridge window [mem 0x94000000-0x94ffffff 64bit pref]
0: [    4.666593] pci 0000:00:0e.0: enabling Extended Tags
0: [    4.666657] pci 0000:00:0e.0: PME# supported from D0 D3hot D3cold
0: [    4.666692] pci 0000:00:0e.0: PTM enabled (root), 2ns granularity
0: [    4.667014] pci 0000:00:14.0: [8086:1bcd] type 00 class 0x0c0330 conventional PCI endpoint
0: [    4.667031] pci 0000:00:14.0: BAR 0 [mem 0x95b40000-0x95b4ffff 64bit]
0: [    4.667097] pci 0000:00:14.0: PME# supported from D3hot D3cold
0: [    4.667234] pci 0000:00:14.2: [8086:1bce] type 00 class 0x050000 conventional PCI endpoint
0: [    4.667253] pci 0000:00:14.2: BAR 0 [mem 0x20fffff60000-0x20fffff63fff 64bit]
0: [    4.667267] pci 0000:00:14.2: BAR 2 [mem 0x20fffff67000-0x20fffff67fff 64bit]
0: [    4.667356] pci 0000:00:14.4: [8086:1bfe] type 00 class 0x060000 PCIe Root Complex Integrated Endpoint
0: [    4.667504] pci 0000:00:15.0: [8086:1bff] type 00 class 0x088000 PCIe Root Complex Integrated Endpoint
0: [    4.667525] pci 0000:00:15.0: BAR 0 [mem 0x20fffff66000-0x20fffff663ff 64bit]
0: [    4.667685] pci 0000:00:16.0: [8086:1be0] type 00 class 0x078000 conventional PCI endpoint
0: [    4.667708] pci 0000:00:16.0: BAR 0 [mem 0x20fffff65000-0x20fffff65fff 64bit]
0: [    4.667795] pci 0000:00:16.0: PME# supported from D3hot
0: [    4.667865] pci 0000:00:18.0: [8086:1bf2] type 00 class 0x010601 conventional PCI endpoint
0: [    4.667880] pci 0000:00:18.0: BAR 0 [mem 0x95b52000-0x95b53fff]
0: [    4.667888] pci 0000:00:18.0: BAR 1 [mem 0x95b58000-0x95b580ff]
0: [    4.667897] pci 0000:00:18.0: BAR 2 [io  0x1068-0x106f]
0: [    4.667905] pci 0000:00:18.0: BAR 3 [io  0x1074-0x1077]
0: [    4.667913] pci 0000:00:18.0: BAR 4 [io  0x1040-0x105f]
0: [    4.667921] pci 0000:00:18.0: BAR 5 [mem 0x95b56000-0x95b567ff]
0: [    4.667965] pci 0000:00:18.0: PME# supported from D3hot
0: [    4.668182] pci 0000:00:19.0: [8086:1bd2] type 00 class 0x010601 conventional PCI endpoint
0: [    4.668197] pci 0000:00:19.0: BAR 0 [mem 0x95b50000-0x95b51fff]
0: [    4.668206] pci 0000:00:19.0: BAR 1 [mem 0x95b57000-0x95b570ff]
0: [    4.668214] pci 0000:00:19.0: BAR 2 [io  0x1060-0x1067]
0: [    4.668222] pci 0000:00:19.0: BAR 3 [io  0x1070-0x1073]
0: [    4.668230] pci 0000:00:19.0: BAR 4 [io  0x1020-0x103f]
0: [    4.668238] pci 0000:00:19.0: BAR 5 [mem 0x95b55000-0x95b557ff]
0: [    4.668282] pci 0000:00:19.0: PME# supported from D3hot
0: [    4.668496] pci 0000:00:1f.0: [8086:1b81] type 00 class 0x060100 conventional PCI endpoint
0: [    4.668654] pci 0000:00:1f.4: [8086:1bc9] type 00 class 0x0c0500 conventional PCI endpoint
0: [    4.668674] pci 0000:00:1f.4: BAR 0 [mem 0x20fffff64000-0x20fffff640ff 64bit]
0: [    4.668698] pci 0000:00:1f.4: BAR 4 [io  0x1000-0x101f]
0: [    4.668776] pci 0000:00:1f.5: [8086:1bca] type 00 class 0x0c8000 conventional PCI endpoint
0: [    4.668796] pci 0000:00:1f.5: BAR 0 [mem 0xfe010000-0xfe010fff]
0: [    4.668809] pci 0000:00:1f.5: BAR 1 [mem 0x92000000-0x93ffffff]
0: [    4.668939] pci 0000:01:00.0: [1b4b:2241] type 00 class 0x010802 PCIe Endpoint
0: [    4.668959] pci 0000:01:00.0: BAR 0 [mem 0x95a00000-0x95a07fff 64bit]
0: [    4.669000] pci 0000:01:00.0: ROM [mem 0xfffe0000-0xffffffff pref]
0: [    4.669100] pci 0000:01:00.0: supports D1 D2
0: [    4.669100] pci 0000:01:00.0: PME# supported from D0 D1 D3hot D3cold
0: [    4.669197] pci 0000:01:00.0: 31.504 Gb/s available PCIe bandwidth, limited by 8.0 GT/s PCIe x4 link at 0000:00:0a.0 (capable of 63.008 Gb/s with 8.0 GT/s PCIe x8 link)
0: [    4.669288] pci 0000:00:0a.0: PCI bridge to [bus 01]
0: [    4.669355] pci 0000:02:00.0: [14e4:165f] type 00 class 0x020000 PCIe Endpoint
0: [    4.669379] pci 0000:02:00.0: BAR 0 [mem 0x95930000-0x9593ffff 64bit pref]
0: [    4.669395] pci 0000:02:00.0: BAR 2 [mem 0x95940000-0x9594ffff 64bit pref]
0: [    4.669410] pci 0000:02:00.0: BAR 4 [mem 0x95950000-0x9595ffff 64bit pref]
0: [    4.669420] pci 0000:02:00.0: ROM [mem 0xfffc0000-0xffffffff pref]
0: [    4.669521] pci 0000:02:00.0: PME# supported from D0 D3hot D3cold
0: [    4.669588] pci 0000:02:00.0: 4.000 Gb/s available PCIe bandwidth, limited by 5.0 GT/s PCIe x1 link at 0000:00:0c.0 (capable of 8.000 Gb/s with 5.0 GT/s PCIe x2 link)
0: [    4.669838] pci 0000:02:00.1: [14e4:165f] type 00 class 0x020000 PCIe Endpoint
0: [    4.669862] pci 0000:02:00.1: BAR 0 [mem 0x95900000-0x9590ffff 64bit pref]
0: [    4.669878] pci 0000:02:00.1: BAR 2 [mem 0x95910000-0x9591ffff 64bit pref]
0: [    4.669894] pci 0000:02:00.1: BAR 4 [mem 0x95920000-0x9592ffff 64bit pref]
0: [    4.669904] pci 0000:02:00.1: ROM [mem 0xfffc0000-0xffffffff pref]
0: [    4.670005] pci 0000:02:00.1: PME# supported from D0 D3hot D3cold
0: [    4.670284] pci 0000:00:0c.0: PCI bridge to [bus 02]
0: [    4.670340] pci 0000:03:00.0: [1556:be00] type 01 class 0x060400 PCIe to PCI/PCI-X bridge
0: [    4.670376] pci 0000:03:00.0: PCI bridge to [bus 04]
0: [    4.670385] pci 0000:03:00.0:   bridge window [mem 0x95000000-0x958fffff]
0: [    4.670397] pci 0000:03:00.0:   bridge window [mem 0x94000000-0x94ffffff 64bit pref]
0: [    4.670539] pci 0000:00:0e.0: PCI bridge to [bus 03-04]
0: [    4.670579] pci_bus 0000:04: extended config space not accessible
0: [    4.670593] pci 0000:04:00.0: [102b:0536] type 00 class 0x030000 conventional PCI endpoint
0: [    4.670613] pci 0000:04:00.0: BAR 0 [mem 0x94000000-0x94ffffff pref]
0: [    4.670623] pci 0000:04:00.0: BAR 1 [mem 0x95808000-0x9580bfff]
0: [    4.670634] pci 0000:04:00.0: BAR 2 [mem 0x95000000-0x957fffff]
0: [    4.670681] pci 0000:04:00.0: BAR 0: assigned to efifb
0: [    4.670689] pci 0000:04:00.0: Video device with shadowed ROM at [mem 0x000c0000-0x000dffff]
0: [    4.670786] pci 0000:03:00.0: PCI bridge to [bus 04]
0: [    4.670831] pci_bus 0000:00: on NUMA node 0
0: [    4.671079] ACPI: PCI Root Bridge [PC01] (domain 0000 [bus 15-25])
0: [    4.671081] acpi PNP0A08:01: _OSC: OS supports [ExtendedConfig ASPM ClockPM Segments MSI EDR HPX-Type3]
0: [    4.671483] acpi PNP0A08:01: _OSC: platform does not support [SHPCHotplug AER DPC]
0: [    4.671556] acpi PNP0A08:01: _OSC: OS now controls [PCIeHotplug PME PCIeCapability LTR]
0: [    4.671557] acpi PNP0A08:01: FADT indicates ASPM is unsupported, using BIOS configuration
0: [    4.671612] PCI host bridge to bus 0000:15
0: [    4.671613] pci_bus 0000:15: root bus resource [io  0x4000-0x5fff window]
0: [    4.671614] pci_bus 0000:15: root bus resource [mem 0x96000000-0x9fffffff window]
0: [    4.671615] pci_bus 0000:15: root bus resource [mem 0x210000000000-0x21ffffffffff window]
0: [    4.671616] pci_bus 0000:15: root bus resource [bus 15-25]
0: [    4.671623] pci 0000:15:00.0: [8086:09a2] type 00 class 0x088000 PCIe Root Complex Integrated Endpoint
0: [    4.671683] pci 0000:15:00.1: [8086:09a4] type 00 class 0x088000 PCIe Root Complex Integrated Endpoint
0: [    4.671739] pci 0000:15:00.2: [8086:09a3] type 00 class 0x088000 PCIe Root Complex Integrated Endpoint
0: [    4.671797] pci 0000:15:00.4: [8086:0b23] type 00 class 0x080700 PCIe Root Complex Event Collector
0: [    4.671884] pci 0000:15:01.0: [8086:352a] type 01 class 0x060400 PCIe Root Port
0: [    4.671894] pci 0000:15:01.0: BAR 0 [mem 0x21c04f000000-0x21c04f01ffff 64bit]
0: [    4.671898] pci 0000:15:01.0: PCI bridge to [bus 16-1b]
0: [    4.671901] pci 0000:15:01.0:   bridge window [mem 0x96000000-0x968fffff]
0: [    4.671906] pci 0000:15:01.0:   bridge window [mem 0x214000000000-0x21c04effffff 64bit pref]
0: [    4.671910] pci 0000:15:01.0: enabling Extended Tags
0: [    4.671948] pci 0000:15:01.0: PME# supported from D0 D3hot D3cold
0: [    4.671969] pci 0000:15:01.0: PTM enabled (root), 2ns granularity
0: [    4.691038] pci 0000:16:00.0: [1000:c030] type 01 class 0x060400 PCIe Switch Upstream Port
0: [    4.691202] pci 0000:16:00.0: PCI bridge to [bus 17-1b]
0: [    4.691246] pci 0000:16:00.0:   bridge window [mem 0x96000000-0x968fffff]
0: [    4.691300] pci 0000:16:00.0:   bridge window [mem 0x214000000000-0x21c04effffff 64bit pref]
0: [    4.692859] pci 0000:16:00.0: PME# supported from D0 D3hot D3cold
0: [    4.693562] pci 0000:15:01.0: PCI bridge to [bus 16-1b]
0: [    4.693839] pci 0000:17:00.0: [1000:c030] type 01 class 0x060400 PCIe Switch Downstream Port
0: [    4.693998] pci 0000:17:00.0: PCI bridge to [bus 18]
0: [    4.694043] pci 0000:17:00.0:   bridge window [mem 0x96800000-0x968fffff]
0: [    4.695716] pci 0000:17:00.0: PME# supported from D0 D3hot D3cold
0: [    4.696505] pci 0000:17:01.0: [1000:c030] type 01 class 0x060400 PCIe Switch Downstream Port
0: [    4.696661] pci 0000:17:01.0: PCI bridge to [bus 19]
0: [    4.696706] pci 0000:17:01.0:   bridge window [mem 0x96000000-0x967fffff]
0: [    4.696763] pci 0000:17:01.0:   bridge window [mem 0x214000000000-0x21c042ffffff 64bit pref]
0: [    4.698607] pci 0000:17:01.0: PME# supported from D0 D3hot D3cold
0: [    4.699611] pci 0000:17:02.0: [1000:c030] type 01 class 0x060400 PCIe Switch Downstream Port
0: [    4.699757] pci 0000:17:02.0: PCI bridge to [bus 1a]
0: [    4.699855] pci 0000:17:02.0:   bridge window [mem 0x21c04c000000-0x21c04effffff 64bit pref]
0: [    4.700802] pci 0000:17:02.0: PME# supported from D0 D3hot D3cold
0: [    4.702389] pci 0000:17:03.0: [1000:c030] type 01 class 0x060400 PCIe Switch Downstream Port
0: [    4.702536] pci 0000:17:03.0: PCI bridge to [bus 1b]
0: [    4.702631] pci 0000:17:03.0:   bridge window [mem 0x21c044000000-0x21c04bffffff 64bit pref]
0: [    4.703576] pci 0000:17:03.0: PME# supported from D0 D3hot D3cold
0: [    4.705378] pci 0000:16:00.0: PCI bridge to [bus 17-1b]
0: [    4.705770] pci 0000:18:00.0: [1344:51c3] type 00 class 0x010802 PCIe Endpoint
0: [    4.706000] pci 0000:18:00.0: BAR 0 [mem 0x96800000-0x9683ffff 64bit]
0: [    4.706326] pci 0000:18:00.0: enabling Extended Tags
0: [    4.715631] pci 0000:17:00.0: PCI bridge to [bus 18]
0: [    4.716016] pci 0000:19:00.0: [10de:2335] type 00 class 0x030200 PCIe Endpoint
0: [    4.716286] pci 0000:19:00.0: BAR 0 [mem 0x21c042000000-0x21c042ffffff 64bit pref]
0: [    4.716446] pci 0000:19:00.0: BAR 2 [mem 0x214000000000-0x217fffffffff 64bit pref]
0: [    4.716661] pci 0000:19:00.0: BAR 4 [mem 0x21c040000000-0x21c041ffffff 64bit pref]
0: [    4.716778] pci 0000:19:00.0: enabling Extended Tags
0: [    4.717711] pci 0000:19:00.0: Enabling HDA controller
0: [    4.718726] pci 0000:19:00.0: VF BAR 0 [mem 0x96000000-0x9603ffff]
0: [    4.718727] pci 0000:19:00.0: VF BAR 0 [mem 0x96000000-0x967fffff]: contains BAR 0 for 32 VFs
0: [    4.718810] pci 0000:19:00.0: VF BAR 1 [mem 0x218000000000-0x2181ffffffff 64bit pref]
0: [    4.718811] pci 0000:19:00.0: VF BAR 1 [mem 0x218000000000-0x21bfffffffff 64bit pref]: contains BAR 1 for 32 VFs
0: [    4.718890] pci 0000:19:00.0: VF BAR 3 [mem 0x21c000000000-0x21c001ffffff 64bit pref]
0: [    4.718890] pci 0000:19:00.0: VF BAR 3 [mem 0x21c000000000-0x21c03fffffff 64bit pref]: contains BAR 3 for 32 VFs
0: [    5.729565] pci 0000:19:00.0: DOE: [2c8] ABORT timed out
0: [    5.729566] pci 0000:19:00.0: DOE: [2c8] failed to reset mailbox with abort command : -5
0: [    5.729571] pci 0000:19:00.0: DOE: [2c8] failed to create mailbox: -5
0: [    5.730199] pci 0000:17:01.0: PCI bridge to [bus 19]
0: [    5.730586] pci 0000:1a:00.0: [15b3:1021] type 00 class 0x020700 PCIe Endpoint
0: [    5.730925] pci 0000:1a:00.0: BAR 0 [mem 0x21c04c000000-0x21c04dffffff 64bit pref]
0: [    5.731284] pci 0000:1a:00.0: ROM [mem 0xfff00000-0xffffffff pref]
0: [    5.731364] pci 0000:1a:00.0: enabling Extended Tags
0: [    5.733554] pci 0000:1a:00.0: PME# supported from D3cold
0: [    5.733554] pci 0000:1a:00.0: VF BAR 0 [mem 0x21c04e000000-0x21c04e1fffff 64bit pref]
0: [    5.733554] pci 0000:1a:00.0: VF BAR 0 [mem 0x21c04e000000-0x21c04effffff 64bit pref]: contains BAR 0 for 8 VFs
0: [    5.735393] pci 0000:17:02.0: PCI bridge to [bus 1a]
0: [    5.735819] pci 0000:1b:00.0: [15b3:1021] type 00 class 0x020000 PCIe Endpoint
0: [    5.736167] pci 0000:1b:00.0: BAR 0 [mem 0x21c046000000-0x21c047ffffff 64bit pref]
0: [    5.736553] pci 0000:1b:00.0: ROM [mem 0xfff00000-0xffffffff pref]
0: [    5.736623] pci 0000:1b:00.0: enabling Extended Tags
0: [    5.739138] pci 0000:1b:00.0: PME# supported from D3cold
0: [    5.739529] pci 0000:1b:00.0: VF BAR 0 [mem 0x21c04a000000-0x21c04a1fffff 64bit pref]
0: [    5.739530] pci 0000:1b:00.0: VF BAR 0 [mem 0x21c04a000000-0x21c04bffffff 64bit pref]: contains BAR 0 for 16 VFs
0: [    5.742249] pci 0000:1b:00.1: [15b3:1021] type 00 class 0x020000 PCIe Endpoint
0: [    5.742554] pci 0000:1b:00.1: BAR 0 [mem 0x21c044000000-0x21c045ffffff 64bit pref]
0: [    5.742554] pci 0000:1b:00.1: ROM [mem 0xfff00000-0xffffffff pref]
0: [    5.742554] pci 0000:1b:00.1: enabling Extended Tags
0: [    5.744635] pci 0000:1b:00.1: PME# supported from D3cold
0: [    5.745590] pci 0000:1b:00.1: VF BAR 0 [mem 0x21c048000000-0x21c0481fffff 64bit pref]
0: [    5.745591] pci 0000:1b:00.1: VF BAR 0 [mem 0x21c048000000-0x21c049ffffff 64bit pref]: contains BAR 0 for 16 VFs
0: [    5.747533] pci 0000:17:03.0: PCI bridge to [bus 1b]
0: [    5.747791] pci_bus 0000:15: on NUMA node 0
0: [    5.747852] ACPI: PCI Root Bridge [PC02] (domain 0000 [bus 26-36])
0: [    5.747854] acpi PNP0A08:02: _OSC: OS supports [ExtendedConfig ASPM ClockPM Segments MSI EDR HPX-Type3]
0: [    5.748216] acpi PNP0A08:02: _OSC: platform does not support [SHPCHotplug AER DPC]
0: [    5.748288] acpi PNP0A08:02: _OSC: OS now controls [PCIeHotplug PME PCIeCapability LTR]
0: [    5.748289] acpi PNP0A08:02: FADT indicates ASPM is unsupported, using BIOS configuration
0: [    5.748345] PCI host bridge to bus 0000:26
0: [    5.748345] pci_bus 0000:26: root bus resource [io  0x6000-0x6fff window]
0: [    5.748346] pci_bus 0000:26: root bus resource [mem 0xa0000000-0xa9ffffff window]
0: [    5.748347] pci_bus 0000:26: root bus resource [mem 0x220000000000-0x22ffffffffff window]
0: [    5.748348] pci_bus 0000:26: root bus resource [bus 26-36]
0: [    5.748356] pci 0000:26:00.0: [8086:09a2] type 00 class 0x088000 PCIe Root Complex Integrated Endpoint
0: [    5.748416] pci 0000:26:00.1: [8086:09a4] type 00 class 0x088000 PCIe Root Complex Integrated Endpoint
0: [    5.748475] pci 0000:26:00.2: [8086:09a3] type 00 class 0x088000 PCIe Root Complex Integrated Endpoint
0: [    5.748533] pci 0000:26:00.4: [8086:0b23] type 00 class 0x080700 PCIe Root Complex Event Collector
0: [    5.748623] pci_bus 0000:26: on NUMA node 0
0: [    5.748665] ACPI: PCI Root Bridge [PC03] (domain 0000 [bus 37-47])
0: [    5.748667] acpi PNP0A08:03: _OSC: OS supports [ExtendedConfig ASPM ClockPM Segments MSI EDR HPX-Type3]
0: [    5.749034] acpi PNP0A08:03: _OSC: platform does not support [SHPCHotplug AER DPC]
0: [    5.749104] acpi PNP0A08:03: _OSC: OS now controls [PCIeHotplug PME PCIeCapability LTR]
0: [    5.749105] acpi PNP0A08:03: FADT indicates ASPM is unsupported, using BIOS configuration
0: [    5.749157] PCI host bridge to bus 0000:37
0: [    5.749157] pci_bus 0000:37: root bus resource [io  0x7000-0x7fff window]
0: [    5.749158] pci_bus 0000:37: root bus resource [mem 0xaa000000-0xb27fffff window]
0: [    5.749159] pci_bus 0000:37: root bus resource [mem 0x230000000000-0x23ffffffffff window]
0: [    5.749159] pci_bus 0000:37: root bus resource [bus 37-47]
0: [    5.749167] pci 0000:37:00.0: [8086:09a2] type 00 class 0x088000 PCIe Root Complex Integrated Endpoint
0: [    5.749225] pci 0000:37:00.1: [8086:09a4] type 00 class 0x088000 PCIe Root Complex Integrated Endpoint
0: [    5.749281] pci 0000:37:00.2: [8086:09a3] type 00 class 0x088000 PCIe Root Complex Integrated Endpoint
0: [    5.749339] pci 0000:37:00.4: [8086:0b23] type 00 class 0x080700 PCIe Root Complex Event Collector
0: [    5.749428] pci 0000:37:01.0: [8086:352a] type 01 class 0x060400 PCIe Root Port
0: [    5.749438] pci 0000:37:01.0: BAR 0 [mem 0x23c047100000-0x23c04711ffff 64bit]
0: [    5.749443] pci 0000:37:01.0: PCI bridge to [bus 38-3d]
0: [    5.749445] pci 0000:37:01.0:   bridge window [mem 0xaa000000-0xaa8fffff]
0: [    5.749450] pci 0000:37:01.0:   bridge window [mem 0x234000000000-0x23c0470fffff 64bit pref]
0: [    5.749454] pci 0000:37:01.0: enabling Extended Tags
0: [    5.749493] pci 0000:37:01.0: PME# supported from D0 D3hot D3cold
0: [    5.749514] pci 0000:37:01.0: PTM enabled (root), 2ns granularity
0: [    5.769502] pci 0000:38:00.0: [1000:c030] type 01 class 0x060400 PCIe Switch Upstream Port
0: [    5.769669] pci 0000:38:00.0: PCI bridge to [bus 39-3d]
0: [    5.769713] pci 0000:38:00.0:   bridge window [mem 0xaa000000-0xaa8fffff]
0: [    5.769769] pci 0000:38:00.0:   bridge window [mem 0x234000000000-0x23c0470fffff 64bit pref]
0: [    5.770701] pci 0000:38:00.0: PME# supported from D0 D3hot D3cold
0: [    5.771408] pci 0000:37:01.0: PCI bridge to [bus 38-3d]
0: [    5.771675] pci 0000:39:00.0: [1000:c030] type 01 class 0x060400 PCIe Switch Downstream Port
0: [    5.773671] pci 0000:39:00.0: PCI bridge to [bus 3a]
0: [    5.773716] pci 0000:39:00.0:   bridge window [mem 0xaa800000-0xaa8fffff]
0: [    5.774554] pci 0000:39:00.0: PME# supported from D0 D3hot D3cold
0: [    5.774554] pci 0000:39:01.0: [1000:c030] type 01 class 0x060400 PCIe Switch Downstream Port
0: [    5.774702] pci 0000:39:01.0: PCI bridge to [bus 3b]
0: [    5.774747] pci 0000:39:01.0:   bridge window [mem 0xaa000000-0xaa7fffff]
0: [    5.775573] pci 0000:39:01.0:   bridge window [mem 0x234000000000-0x23c042ffffff 64bit pref]
0: [    5.776521] pci 0000:39:01.0: PME# supported from D0 D3hot D3cold
0: [    5.777469] pci 0000:39:02.0: [1000:c030] type 01 class 0x060400 PCIe Switch Downstream Port
0: [    5.777554] pci 0000:39:02.0: PCI bridge to [bus 3c]
0: [    5.777554] pci 0000:39:02.0:   bridge window [mem 0x23c044000000-0x23c046ffffff 64bit pref]
0: [    5.779374] pci 0000:39:02.0: PME# supported from D0 D3hot D3cold
0: [    5.780479] pci 0000:39:1f.0: [1000:c030] type 01 class 0x060400 PCIe Switch Downstream Port
0: [    5.780645] pci 0000:39:1f.0: PCI bridge to [bus 3d]
0: [    5.780744] pci 0000:39:1f.0:   bridge window [mem 0x23c047000000-0x23c0470fffff 64bit pref]
0: [    5.782100] pci 0000:39:1f.0: PME# supported from D0 D3hot D3cold
0: [    5.782615] pci 0000:38:00.0: PCI bridge to [bus 39-3d]
0: [    5.783008] pci 0000:3a:00.0: [1344:51c3] type 00 class 0x010802 PCIe Endpoint
0: [    5.783227] pci 0000:3a:00.0: BAR 0 [mem 0xaa800000-0xaa83ffff 64bit]
0: [    5.783555] pci 0000:3a:00.0: enabling Extended Tags
0: [    5.792631] pci 0000:39:00.0: PCI bridge to [bus 3a]
0: [    5.793017] pci 0000:3b:00.0: [10de:2335] type 00 class 0x030200 PCIe Endpoint
0: [    5.793253] pci 0000:3b:00.0: BAR 0 [mem 0x23c042000000-0x23c042ffffff 64bit pref]
0: [    5.793398] pci 0000:3b:00.0: BAR 2 [mem 0x234000000000-0x237fffffffff 64bit pref]
0: [    5.793554] pci 0000:3b:00.0: BAR 4 [mem 0x23c040000000-0x23c041ffffff 64bit pref]
0: [    5.793554] pci 0000:3b:00.0: enabling Extended Tags
0: [    5.793554] pci 0000:3b:00.0: Enabling HDA controller
0: [    5.794808] pci 0000:3b:00.0: VF BAR 0 [mem 0xaa000000-0xaa03ffff]
0: [    5.794809] pci 0000:3b:00.0: VF BAR 0 [mem 0xaa000000-0xaa7fffff]: contains BAR 0 for 32 VFs
0: [    5.794891] pci 0000:3b:00.0: VF BAR 1 [mem 0x238000000000-0x2381ffffffff 64bit pref]
0: [    5.794892] pci 0000:3b:00.0: VF BAR 1 [mem 0x238000000000-0x23bfffffffff 64bit pref]: contains BAR 1 for 32 VFs
0: [    5.796601] pci 0000:3b:00.0: VF BAR 3 [mem 0x23c000000000-0x23c001ffffff 64bit pref]
0: [    5.796602] pci 0000:3b:00.0: VF BAR 3 [mem 0x23c000000000-0x23c03fffffff 64bit pref]: contains BAR 3 for 32 VFs
0: [    6.805565] pci 0000:3b:00.0: DOE: [2c8] ABORT timed out
0: [    6.805568] pci 0000:3b:00.0: DOE: [2c8] failed to reset mailbox with abort command : -5
0: [    6.805572] pci 0000:3b:00.0: DOE: [2c8] failed to create mailbox: -5
0: [    6.806203] pci 0000:39:01.0: PCI bridge to [bus 3b]
0: [    6.807555] pci 0000:3c:00.0: [15b3:1021] type 00 class 0x020700 PCIe Endpoint
0: [    6.807869] pci 0000:3c:00.0: BAR 0 [mem 0x23c044000000-0x23c045ffffff 64bit pref]
0: [    6.808257] pci 0000:3c:00.0: ROM [mem 0xfff00000-0xffffffff pref]
0: [    6.808340] pci 0000:3c:00.0: enabling Extended Tags
0: [    6.809166] pci 0000:3c:00.0: PME# supported from D3cold
0: [    6.809556] pci 0000:3c:00.0: VF BAR 0 [mem 0x23c046000000-0x23c0461fffff 64bit pref]
0: [    6.809557] pci 0000:3c:00.0: VF BAR 0 [mem 0x23c046000000-0x23c046ffffff 64bit pref]: contains BAR 0 for 8 VFs
0: [    6.811818] pci 0000:39:02.0: PCI bridge to [bus 3c]
0: [    6.812135] pci 0000:3d:00.0: [1000:00b2] type 00 class 0x010700 PCIe Endpoint
0: [    6.812252] pci 0000:3d:00.0: BAR 0 [mem 0x23c047000000-0x23c047003fff 64bit pref]
0: [    6.812642] pci 0000:3d:00.0: enabling Extended Tags
0: [    6.813222] pci 0000:3d:00.0: PME# supported from D0 D3hot D3cold
0: [    6.813535] pci 0000:39:1f.0: PCI bridge to [bus 3d]
0: [    6.813782] pci_bus 0000:37: on NUMA node 0
0: [    6.813836] ACPI: PCI Root Bridge [PC04] (domain 0000 [bus 48-58])
0: [    6.813839] acpi PNP0A08:04: _OSC: OS supports [ExtendedConfig ASPM ClockPM Segments MSI EDR HPX-Type3]
0: [    6.814216] acpi PNP0A08:04: _OSC: platform does not support [SHPCHotplug AER DPC]
0: [    6.814289] acpi PNP0A08:04: _OSC: OS now controls [PCIeHotplug PME PCIeCapability LTR]
0: [    6.814289] acpi PNP0A08:04: FADT indicates ASPM is unsupported, using BIOS configuration
0: [    6.814345] PCI host bridge to bus 0000:48
0: [    6.814346] pci_bus 0000:48: root bus resource [io  0x8000-0x8fff window]
0: [    6.814347] pci_bus 0000:48: root bus resource [mem 0xb2800000-0xbaffffff window]
0: [    6.814347] pci_bus 0000:48: root bus resource [mem 0x240000000000-0x24ffffffffff window]
0: [    6.814348] pci_bus 0000:48: root bus resource [bus 48-58]
0: [    6.814356] pci 0000:48:00.0: [8086:09a2] type 00 class 0x088000 PCIe Root Complex Integrated Endpoint
0: [    6.814419] pci 0000:48:00.1: [8086:09a4] type 00 class 0x088000 PCIe Root Complex Integrated Endpoint
0: [    6.814479] pci 0000:48:00.2: [8086:09a3] type 00 class 0x088000 PCIe Root Complex Integrated Endpoint
0: [    6.814538] pci 0000:48:00.4: [8086:0b23] type 00 class 0x080700 PCIe Root Complex Event Collector
0: [    6.814629] pci 0000:48:01.0: [8086:352a] type 01 class 0x060400 PCIe Root Port
0: [    6.814639] pci 0000:48:01.0: BAR 0 [mem 0x24c047100000-0x24c04711ffff 64bit]
0: [    6.814644] pci 0000:48:01.0: PCI bridge to [bus 49-4e]
0: [    6.814646] pci 0000:48:01.0:   bridge window [mem 0xb2800000-0xb30fffff]
0: [    6.814651] pci 0000:48:01.0:   bridge window [mem 0x244000000000-0x24c0470fffff 64bit pref]
0: [    6.814656] pci 0000:48:01.0: enabling Extended Tags
0: [    6.814694] pci 0000:48:01.0: PME# supported from D0 D3hot D3cold
0: [    6.814714] pci 0000:48:01.0: PTM enabled (root), 2ns granularity
0: [    6.834710] pci 0000:49:00.0: [1000:c030] type 01 class 0x060400 PCIe Switch Upstream Port
0: [    6.834875] pci 0000:49:00.0: PCI bridge to [bus 4a-4e]
0: [    6.835555] pci 0000:49:00.0:   bridge window [mem 0xb2800000-0xb30fffff]
0: [    6.835612] pci 0000:49:00.0:   bridge window [mem 0x244000000000-0x24c0470fffff 64bit pref]
0: [    6.836540] pci 0000:49:00.0: PME# supported from D0 D3hot D3cold
0: [    6.837243] pci 0000:48:01.0: PCI bridge to [bus 49-4e]
0: [    6.837504] pci 0000:4a:00.0: [1000:c030] type 01 class 0x060400 PCIe Switch Downstream Port
0: [    6.837664] pci 0000:4a:00.0: PCI bridge to [bus 4b]
0: [    6.837709] pci 0000:4a:00.0:   bridge window [mem 0xb3000000-0xb30fffff]
0: [    6.839209] pci 0000:4a:00.0: PME# supported from D0 D3hot D3cold
0: [    6.840097] pci 0000:4a:01.0: [1000:c030] type 01 class 0x060400 PCIe Switch Downstream Port
0: [    6.840245] pci 0000:4a:01.0: PCI bridge to [bus 4c]
0: [    6.840290] pci 0000:4a:01.0:   bridge window [mem 0xb2800000-0xb2ffffff]
0: [    6.840347] pci 0000:4a:01.0:   bridge window [mem 0x244000000000-0x24c042ffffff 64bit pref]
0: [    6.842097] pci 0000:4a:01.0: PME# supported from D0 D3hot D3cold
0: [    6.843028] pci 0000:4a:02.0: [1000:c030] type 01 class 0x060400 PCIe Switch Downstream Port
0: [    6.843187] pci 0000:4a:02.0: PCI bridge to [bus 4d]
0: [    6.843288] pci 0000:4a:02.0:   bridge window [mem 0x24c044000000-0x24c046ffffff 64bit pref]
0: [    6.844956] pci 0000:4a:02.0: PME# supported from D0 D3hot D3cold
0: [    6.845554] pci 0000:4a:1f.0: [1000:c030] type 01 class 0x060400 PCIe Switch Downstream Port
0: [    6.845554] pci 0000:4a:1f.0: PCI bridge to [bus 4e]
0: [    6.845554] pci 0000:4a:1f.0:   bridge window [mem 0x24c047000000-0x24c0470fffff 64bit pref]
0: [    6.848950] pci 0000:4a:1f.0: PME# supported from D0 D3hot D3cold
0: [    6.849461] pci 0000:49:00.0: PCI bridge to [bus 4a-4e]
0: [    6.849554] pci 0000:4b:00.0: [1344:51c3] type 00 class 0x010802 PCIe Endpoint
0: [    6.849554] pci 0000:4b:00.0: BAR 0 [mem 0xb3000000-0xb303ffff 64bit]
0: [    6.849554] pci 0000:4b:00.0: enabling Extended Tags
0: [    6.859762] pci 0000:4a:00.0: PCI bridge to [bus 4b]
0: [    6.860150] pci 0000:4c:00.0: [10de:2335] type 00 class 0x030200 PCIe Endpoint
0: [    6.860386] pci 0000:4c:00.0: BAR 0 [mem 0x24c042000000-0x24c042ffffff 64bit pref]
0: [    6.860531] pci 0000:4c:00.0: BAR 2 [mem 0x244000000000-0x247fffffffff 64bit pref]
0: [    6.860713] pci 0000:4c:00.0: BAR 4 [mem 0x24c040000000-0x24c041ffffff 64bit pref]
0: [    6.860828] pci 0000:4c:00.0: enabling Extended Tags
0: [    6.861757] pci 0000:4c:00.0: Enabling HDA controller
0: [    6.862762] pci 0000:4c:00.0: VF BAR 0 [mem 0xb2800000-0xb283ffff]
0: [    6.862763] pci 0000:4c:00.0: VF BAR 0 [mem 0xb2800000-0xb2ffffff]: contains BAR 0 for 32 VFs
0: [    6.862843] pci 0000:4c:00.0: VF BAR 1 [mem 0x248000000000-0x2481ffffffff 64bit pref]
0: [    6.862843] pci 0000:4c:00.0: VF BAR 1 [mem 0x248000000000-0x24bfffffffff 64bit pref]: contains BAR 1 for 32 VFs
0: [    6.862925] pci 0000:4c:00.0: VF BAR 3 [mem 0x24c000000000-0x24c001ffffff 64bit pref]
0: [    6.862926] pci 0000:4c:00.0: VF BAR 3 [mem 0x24c000000000-0x24c03fffffff 64bit pref]: contains BAR 3 for 32 VFs
0: [    7.866565] pci 0000:4c:00.0: DOE: [2c8] ABORT timed out
0: [    7.866568] pci 0000:4c:00.0: DOE: [2c8] failed to reset mailbox with abort command : -5
0: [    7.866573] pci 0000:4c:00.0: DOE: [2c8] failed to create mailbox: -5
0: [    7.867201] pci 0000:4a:01.0: PCI bridge to [bus 4c]
0: [    7.867582] pci 0000:4d:00.0: [15b3:1021] type 00 class 0x020700 PCIe Endpoint
0: [    7.867894] pci 0000:4d:00.0: BAR 0 [mem 0x24c044000000-0x24c045ffffff 64bit pref]
0: [    7.868265] pci 0000:4d:00.0: ROM [mem 0xfff00000-0xffffffff pref]
0: [    7.868347] pci 0000:4d:00.0: enabling Extended Tags
0: [    7.871110] pci 0000:4d:00.0: PME# supported from D3cold
0: [    7.871512] pci 0000:4d:00.0: VF BAR 0 [mem 0x24c046000000-0x24c0461fffff 64bit pref]
0: [    7.871513] pci 0000:4d:00.0: VF BAR 0 [mem 0x24c046000000-0x24c046ffffff 64bit pref]: contains BAR 0 for 8 VFs
0: [    7.872784] pci 0000:4a:02.0: PCI bridge to [bus 4d]
0: [    7.873106] pci 0000:4e:00.0: [1000:00b2] type 00 class 0x010700 PCIe Endpoint
0: [    7.873217] pci 0000:4e:00.0: BAR 0 [mem 0x24c047000000-0x24c047003fff 64bit pref]
0: [    7.873470] pci 0000:4e:00.0: enabling Extended Tags
0: [    7.874679] pci 0000:4e:00.0: PME# supported from D0 D3hot D3cold
0: [    7.875000] pci 0000:4a:1f.0: PCI bridge to [bus 4e]
0: [    7.875257] pci_bus 0000:48: on NUMA node 0
0: [    7.875311] ACPI: PCI Root Bridge [PC05] (domain 0000 [bus 59-74])
0: [    7.875314] acpi PNP0A08:05: _OSC: OS supports [ExtendedConfig ASPM ClockPM Segments MSI EDR HPX-Type3]
0: [    7.875693] acpi PNP0A08:05: _OSC: platform does not support [SHPCHotplug AER DPC]
0: [    7.875765] acpi PNP0A08:05: _OSC: OS now controls [PCIeHotplug PME PCIeCapability LTR]
0: [    7.875765] acpi PNP0A08:05: FADT indicates ASPM is unsupported, using BIOS configuration
0: [    7.875825] PCI host bridge to bus 0000:59
0: [    7.875826] pci_bus 0000:59: root bus resource [io  0x9000-0x9fff window]
0: [    7.875827] pci_bus 0000:59: root bus resource [mem 0xbb000000-0xc37fffff window]
0: [    7.875827] pci_bus 0000:59: root bus resource [mem 0x250000000000-0x25ffffffffff window]
0: [    7.875828] pci_bus 0000:59: root bus resource [bus 59-74]
0: [    7.875836] pci 0000:59:00.0: [8086:09a2] type 00 class 0x088000 PCIe Root Complex Integrated Endpoint
0: [    7.875896] pci 0000:59:00.1: [8086:09a4] type 00 class 0x088000 PCIe Root Complex Integrated Endpoint
0: [    7.875957] pci 0000:59:00.2: [8086:09a3] type 00 class 0x088000 PCIe Root Complex Integrated Endpoint
0: [    7.876016] pci 0000:59:00.4: [8086:0b23] type 00 class 0x080700 PCIe Root Complex Event Collector
0: [    7.876106] pci 0000:59:01.0: [8086:352a] type 01 class 0x060400 PCIe Root Port
0: [    7.876115] pci 0000:59:01.0: BAR 0 [mem 0x25c047000000-0x25c04701ffff 64bit]
0: [    7.876120] pci 0000:59:01.0: PCI bridge to [bus 5a-5e]
0: [    7.876122] pci 0000:59:01.0:   bridge window [mem 0xbb000000-0xbb8fffff]
0: [    7.876127] pci 0000:59:01.0:   bridge window [mem 0x254000000000-0x25c046ffffff 64bit pref]
0: [    7.876132] pci 0000:59:01.0: enabling Extended Tags
0: [    7.876170] pci 0000:59:01.0: PME# supported from D0 D3hot D3cold
0: [    7.876191] pci 0000:59:01.0: PTM enabled (root), 2ns granularity
0: [    7.892747] pci 0000:5a:00.0: [1000:c030] type 01 class 0x060400 PCIe Switch Upstream Port
0: [    7.892900] pci 0000:5a:00.0: PCI bridge to [bus 5b-5e]
0: [    7.892944] pci 0000:5a:00.0:   bridge window [mem 0xbb000000-0xbb8fffff]
0: [    7.893001] pci 0000:5a:00.0:   bridge window [mem 0x254000000000-0x25c046ffffff 64bit pref]
0: [    7.894581] pci 0000:5a:00.0: PME# supported from D0 D3hot D3cold
0: [    7.895286] pci 0000:59:01.0: PCI bridge to [bus 5a-5e]
0: [    7.895552] pci 0000:5b:00.0: [1000:c030] type 01 class 0x060400 PCIe Switch Downstream Port
0: [    7.895700] pci 0000:5b:00.0: PCI bridge to [bus 5c]
0: [    7.895744] pci 0000:5b:00.0:   bridge window [mem 0xbb800000-0xbb8fffff]
0: [    7.896747] pci 0000:5b:00.0: PME# supported from D0 D3hot D3cold
0: [    7.898251] pci 0000:5b:01.0: [1000:c030] type 01 class 0x060400 PCIe Switch Downstream Port
0: [    7.898402] pci 0000:5b:01.0: PCI bridge to [bus 5d]
0: [    7.898447] pci 0000:5b:01.0:   bridge window [mem 0xbb000000-0xbb7fffff]
0: [    7.898497] pci 0000:5b:01.0:   bridge window [mem 0x254000000000-0x25c042ffffff 64bit pref]
0: [    7.899430] pci 0000:5b:01.0: PME# supported from D0 D3hot D3cold
0: [    7.902392] pci 0000:5b:02.0: [1000:c030] type 01 class 0x060400 PCIe Switch Downstream Port
0: [    7.902548] pci 0000:5b:02.0: PCI bridge to [bus 5e]
0: [    7.902554] pci 0000:5b:02.0:   bridge window [mem 0x25c044000000-0x25c046ffffff 64bit pref]
0: [    7.902591] pci 0000:5b:02.0: PME# supported from D0 D3hot D3cold
0: [    7.904287] pci 0000:5a:00.0: PCI bridge to [bus 5b-5e]
0: [    7.904672] pci 0000:5c:00.0: [1344:51c3] type 00 class 0x010802 PCIe Endpoint
0: [    7.904880] pci 0000:5c:00.0: BAR 0 [mem 0xbb800000-0xbb83ffff 64bit]
0: [    7.905193] pci 0000:5c:00.0: enabling Extended Tags
0: [    7.914600] pci 0000:5b:00.0: PCI bridge to [bus 5c]
0: [    7.914984] pci 0000:5d:00.0: [10de:2335] type 00 class 0x030200 PCIe Endpoint
0: [    7.915213] pci 0000:5d:00.0: BAR 0 [mem 0x25c042000000-0x25c042ffffff 64bit pref]
0: [    7.915359] pci 0000:5d:00.0: BAR 2 [mem 0x254000000000-0x257fffffffff 64bit pref]
0: [    7.915540] pci 0000:5d:00.0: BAR 4 [mem 0x25c040000000-0x25c041ffffff 64bit pref]
0: [    7.915648] pci 0000:5d:00.0: enabling Extended Tags
0: [    7.916566] pci 0000:5d:00.0: Enabling HDA controller
0: [    7.917555] pci 0000:5d:00.0: VF BAR 0 [mem 0xbb000000-0xbb03ffff]
0: [    7.917557] pci 0000:5d:00.0: VF BAR 0 [mem 0xbb000000-0xbb7fffff]: contains BAR 0 for 32 VFs
0: [    7.917636] pci 0000:5d:00.0: VF BAR 1 [mem 0x258000000000-0x2581ffffffff 64bit pref]
0: [    7.917637] pci 0000:5d:00.0: VF BAR 1 [mem 0x258000000000-0x25bfffffffff 64bit pref]: contains BAR 1 for 32 VFs
0: [    7.917716] pci 0000:5d:00.0: VF BAR 3 [mem 0x25c000000000-0x25c001ffffff 64bit pref]
0: [    7.917717] pci 0000:5d:00.0: VF BAR 3 [mem 0x25c000000000-0x25c03fffffff 64bit pref]: contains BAR 3 for 32 VFs
0: [    8.927565] pci 0000:5d:00.0: DOE: [2c8] ABORT timed out
0: [    8.927568] pci 0000:5d:00.0: DOE: [2c8] failed to reset mailbox with abort command : -5
0: [    8.927572] pci 0000:5d:00.0: DOE: [2c8] failed to create mailbox: -5
0: [    8.928202] pci 0000:5b:01.0: PCI bridge to [bus 5d]
0: [    8.928594] pci 0000:5e:00.0: [15b3:1021] type 00 class 0x020700 PCIe Endpoint
0: [    8.928904] pci 0000:5e:00.0: BAR 0 [mem 0x25c044000000-0x25c045ffffff 64bit pref]
0: [    8.929268] pci 0000:5e:00.0: ROM [mem 0xfff00000-0xffffffff pref]
0: [    8.929347] pci 0000:5e:00.0: enabling Extended Tags
0: [    8.931304] pci 0000:5e:00.0: PME# supported from D3cold
0: [    8.931703] pci 0000:5e:00.0: VF BAR 0 [mem 0x25c046000000-0x25c0461fffff 64bit pref]
0: [    8.931704] pci 0000:5e:00.0: VF BAR 0 [mem 0x25c046000000-0x25c046ffffff 64bit pref]: contains BAR 0 for 8 VFs
0: [    8.934554] pci 0000:5b:02.0: PCI bridge to [bus 5e]
0: [    8.934554] pci_bus 0000:59: on NUMA node 0
0: [    8.934554] ACPI: PCI Root Bridge [DI08] (domain 0000 [bus 75])
0: [    8.934554] acpi PNP0A08:07: _OSC: OS supports [ExtendedConfig ASPM ClockPM Segments MSI EDR HPX-Type3]
0: [    8.934620] acpi PNP0A08:07: _OSC: platform does not support [SHPCHotplug AER DPC]
0: [    8.934663] acpi PNP0A08:07: _OSC: OS now controls [PCIeHotplug PME PCIeCapability LTR]
0: [    8.934664] acpi PNP0A08:07: FADT indicates ASPM is unsupported, using BIOS configuration
0: [    8.934704] PCI host bridge to bus 0000:75
0: [    8.934705] pci_bus 0000:75: root bus resource [mem 0xc3800000-0xc3ffffff window]
0: [    8.934706] pci_bus 0000:75: root bus resource [mem 0x260f00000000-0x26ffffffffff window]
0: [    8.934707] pci_bus 0000:75: root bus resource [bus 75]
0: [    8.934714] pci 0000:75:00.0: [8086:09a2] type 00 class 0x088000 PCIe Root Complex Integrated Endpoint
0: [    8.934776] pci 0000:75:00.1: [8086:09a4] type 00 class 0x088000 PCIe Root Complex Integrated Endpoint
0: [    8.934834] pci 0000:75:00.2: [8086:09a3] type 00 class 0x088000 PCIe Root Complex Integrated Endpoint
0: [    8.934901] pci 0000:75:00.4: [8086:0b23] type 00 class 0x080700 PCIe Root Complex Event Collector
0: [    8.934986] pci 0000:75:01.0: [8086:0b25] type 00 class 0x088000 PCIe Root Complex Integrated Endpoint
0: [    8.934994] pci 0000:75:01.0: BAR 0 [mem 0x26fffff40000-0x26fffff4ffff 64bit pref]
0: [    8.935000] pci 0000:75:01.0: BAR 2 [mem 0x26fffff00000-0x26fffff1ffff 64bit pref]
0: [    8.935093] pci 0000:75:02.0: [8086:0cfe] type 00 class 0x088000 PCIe Root Complex Integrated Endpoint
0: [    8.935101] pci 0000:75:02.0: BAR 0 [mem 0x26fffff50000-0x26fffff5ffff 64bit pref]
0: [    8.935106] pci 0000:75:02.0: BAR 2 [mem 0x26fffff20000-0x26fffff3ffff 64bit pref]
0: [    8.935197] pci 0000:75:03.0: [8086:09a6] type 00 class 0x088000 PCIe Root Complex Integrated Endpoint
0: [    8.935204] pci 0000:75:03.0: BAR 0 [mem 0xc3800000-0xc38fffff]
0: [    8.935275] pci 0000:75:03.1: [8086:09a7] type 00 class 0x088000 PCIe Root Complex Integrated Endpoint
0: [    8.935283] pci 0000:75:03.1: BAR 0 [mem 0xc3940000-0xc3941fff]
0: [    8.935287] pci 0000:75:03.1: BAR 1 [mem 0xc3900000-0xc393ffff]
0: [    8.935388] pci_bus 0000:75: on NUMA node 0
